ARM Linker, 5.03 [Build 76] [MDK-ARM Lite]

==============================================================================

Section Cross References

    startup_stm32f40_41xxx.o(STACK) refers (Special) to heapauxi.o(.text) for __use_two_region_memory
    startup_stm32f40_41xxx.o(HEAP) refers (Special) to heapauxi.o(.text) for __use_two_region_memory
    startup_stm32f40_41xxx.o(RESET) refers (Special) to heapauxi.o(.text) for __use_two_region_memory
    startup_stm32f40_41xxx.o(RESET) refers to startup_stm32f40_41xxx.o(STACK) for __initial_sp
    startup_stm32f40_41xxx.o(RESET) refers to startup_stm32f40_41xxx.o(.text) for Reset_Handler
    startup_stm32f40_41xxx.o(RESET) refers to stm32f4xx_it.o(.text) for NMI_Handler
    startup_stm32f40_41xxx.o(RESET) refers to timer.o(.text) for TIM2_IRQHandler
    startup_stm32f40_41xxx.o(RESET) refers to qei.o(.text) for TIM3_IRQHandler
    startup_stm32f40_41xxx.o(.text) refers (Special) to heapauxi.o(.text) for __use_two_region_memory
    startup_stm32f40_41xxx.o(.text) refers to system_stm32f4xx.o(.text) for SystemInit
    startup_stm32f40_41xxx.o(.text) refers to __main.o(!!!main) for __main
    startup_stm32f40_41xxx.o(.text) refers to startup_stm32f40_41xxx.o(HEAP) for Heap_Mem
    startup_stm32f40_41xxx.o(.text) refers to startup_stm32f40_41xxx.o(STACK) for Stack_Mem
    main.o(.text) refers to myuart.o(.text) for ConfigUART4
    main.o(.text) refers to my_gpio.o(.text) for ConfigGPIOD
    main.o(.text) refers to direct_kinematics.o(.text) for Make_DK
    main.o(.text) refers to timer.o(.text) for INTTIM_Config
    main.o(.text) refers to main.o(.data) for .data
    system_stm32f4xx.o(.text) refers to system_stm32f4xx.o(.data) for .data
    stm32f4xx_gpio.o(.text) refers to stm32f4xx_rcc.o(.text) for RCC_AHB1PeriphResetCmd
    stm32f4xx_rcc.o(.text) refers to stm32f4xx_rcc.o(.data) for .data
    stm32f4xx_usart.o(.text) refers to stm32f4xx_rcc.o(.text) for RCC_APB2PeriphResetCmd
    stm32f4xx_tim.o(.text) refers to stm32f4xx_rcc.o(.text) for RCC_APB2PeriphResetCmd
    direct_kinematics.o(.text) refers to cos.o(i.__hardfp_cos) for __hardfp_cos
    direct_kinematics.o(.text) refers to sin.o(i.__hardfp_sin) for __hardfp_sin
    direct_kinematics.o(.text) refers to basic.o(x$fpl$basic) for __aeabi_dneg
    direct_kinematics.o(.text) refers to dmul.o(x$fpl$dmul) for __aeabi_dmul
    direct_kinematics.o(.text) refers to ddiv.o(x$fpl$ddiv) for __aeabi_ddiv
    direct_kinematics.o(.text) refers to stm32f4xx_usart.o(.text) for USART_SendData
    direct_kinematics.o(.text) refers to myuart.o(.text) for UART_Print_Matrix
    direct_kinematics.o(.text) refers to direct_kinematics.o(.data) for .data
    direct_kinematics.o(.text) refers to direct_kinematics.o(.bss) for .bss
    direct_kinematics.o(.text) refers to matrix.o(.text) for Mul_Matrix
    myuart.o(.text) refers to stm32f4xx_rcc.o(.text) for RCC_AHB1PeriphClockCmd
    myuart.o(.text) refers to stm32f4xx_gpio.o(.text) for GPIO_PinAFConfig
    myuart.o(.text) refers to stm32f4xx_usart.o(.text) for USART_Init
    myuart.o(.text) refers to timer.o(.text) for delay_ms
    myuart.o(.text) refers to dfix.o(x$fpl$dfix) for __aeabi_d2iz
    timer.o(.text) refers to stm32f4xx_tim.o(.text) for TIM_GetITStatus
    timer.o(.text) refers to stm32f4xx_gpio.o(.text) for GPIO_ToggleBits
    timer.o(.text) refers to misc.o(.text) for NVIC_Init
    timer.o(.text) refers to stm32f4xx_rcc.o(.text) for RCC_APB1PeriphClockCmd
    timer.o(.text) refers to timer.o(.bss) for .bss
    timer.o(.text) refers to timer.o(.data) for .data
    timer.o(.text) refers to system_stm32f4xx.o(.data) for SystemCoreClock
    my_gpio.o(.text) refers to stm32f4xx_rcc.o(.text) for RCC_AHB1PeriphClockCmd
    my_gpio.o(.text) refers to stm32f4xx_gpio.o(.text) for GPIO_Init
    matrix.o(.text) refers to dmul.o(x$fpl$dmul) for __aeabi_dmul
    matrix.o(.text) refers to daddsub_clz.o(x$fpl$dadd) for __aeabi_dadd
    qei.o(.text) refers to stm32f4xx_tim.o(.text) for TIM_GetITStatus
    qei.o(.text) refers to stm32f4xx_gpio.o(.text) for GPIO_ToggleBits
    qei.o(.text) refers to stm32f4xx_usart.o(.text) for USART_SendData
    qei.o(.text) refers to stm32f4xx_rcc.o(.text) for RCC_AHB1PeriphClockCmd
    qei.o(.text) refers to misc.o(.text) for NVIC_Init
    __main.o(!!!main) refers to rtentry.o(.ARM.Collect$$rtentry$$00000000) for __rt_entry
    basic.o(x$fpl$basic) refers (Special) to usenofp.o(x$fpl$usenofp) for __I$use$fp
    daddsub_clz.o(x$fpl$dadd) refers (Special) to usenofp.o(x$fpl$usenofp) for __I$use$fp
    daddsub_clz.o(x$fpl$dadd) refers to daddsub_clz.o(x$fpl$dsub) for _dsub1
    daddsub_clz.o(x$fpl$dadd) refers to dretinf.o(x$fpl$dretinf) for __fpl_dretinf
    daddsub_clz.o(x$fpl$dadd) refers to dnaninf.o(x$fpl$dnaninf) for __fpl_dnaninf
    daddsub_clz.o(x$fpl$drsb) refers (Special) to usenofp.o(x$fpl$usenofp) for __I$use$fp
    daddsub_clz.o(x$fpl$drsb) refers to daddsub_clz.o(x$fpl$dadd) for _dadd1
[...]
    rtexit2.o(.ARM.Collect$$rtexit$$00000003) refers to libshutdown.o(.ARM.Collect$$libshutdown$$00000000) for __rt_lib_shutdown
    rtexit2.o(.ARM.Collect$$rtexit$$00000004) refers to sys_exit.o(.text) for _sys_exit
    rtexit2.o(.ARM.exidx) refers to rtexit2.o(.ARM.Collect$$rtexit$$00000001) for .ARM.Collect$$rtexit$$00000001
    rtexit2.o(.ARM.exidx) refers to rtexit2.o(.ARM.Collect$$rtexit$$00000003) for .ARM.Collect$$rtexit$$00000003
    rtexit2.o(.ARM.exidx) refers to rtexit2.o(.ARM.Collect$$rtexit$$00000004) for .ARM.Collect$$rtexit$$00000004
    argv_veneer.o(.emb_text) refers to no_argv.o(.text) for __ARM_get_argv
    sys_exit.o(.text) refers (Special) to use_no_semi.o(.text) for __I$use$semihosting
    sys_exit.o(.text) refers (Special) to indicate_semi.o(.text) for __semihosting_library_function
    _get_argv_nomalloc.o(.text) refers (Special) to hrguard.o(.text) for __heap_region$guard
    _get_argv_nomalloc.o(.text) refers to defsig_rtmem_outer.o(.text) for __rt_SIGRTMEM
    _get_argv_nomalloc.o(.text) refers to sys_command.o(.text) for _sys_command_string
    libshutdown.o(.ARM.Collect$$libshutdown$$00000000) refers (Special) to libshutdown2.o(.ARM.Collect$$libshutdown$$00000006) for __rt_lib_shutdown_fp_trap_1
    libshutdown.o(.ARM.Collect$$libshutdown$$00000000) refers (Special) to libshutdown2.o(.ARM.Collect$$libshutdown$$0000000E) for __rt_lib_shutdown_heap_1
    libshutdown.o(.ARM.Collect$$libshutdown$$00000000) refers (Special) to libshutdown2.o(.ARM.Collect$$libshutdown$$0000000F) for __rt_lib_shutdown_return
    libshutdown.o(.ARM.Collect$$libshutdown$$00000000) refers (Special) to libshutdown2.o(.ARM.Collect$$libshutdown$$00000009) for __rt_lib_shutdown_signal_1
    libshutdown.o(.ARM.Collect$$libshutdown$$00000000) refers (Special) to libshutdown2.o(.ARM.Collect$$libshutdown$$00000003) for __rt_lib_shutdown_stdio_1
    libshutdown.o(.ARM.Collect$$libshutdown$$00000000) refers (Special) to libshutdown2.o(.ARM.Collect$$libshutdown$$0000000B) for __rt_lib_shutdown_user_alloc_1
    sys_command.o(.text) refers (Special) to use_no_semi.o(.text) for __I$use$semihosting
    sys_command.o(.text) refers (Special) to indicate_semi.o(.text) for __semihosting_library_function
    defsig_rtmem_outer.o(.text) refers to defsig_rtmem_inner.o(.text) for __rt_SIGRTMEM_inner
    defsig_rtmem_outer.o(.text) refers to defsig_exit.o(.text) for __sig_exit
    defsig_rtmem_formal.o(.text) refers to rt_raise.o(.text) for __rt_raise
    rt_raise.o(.text) refers to __raise.o(.text) for __raise
    rt_raise.o(.text) refers to sys_exit.o(.text) for _sys_exit
    defsig_exit.o(.text) refers to sys_exit.o(.text) for _sys_exit
    defsig_rtmem_inner.o(.text) refers to defsig_general.o(.text) for __default_signal_display
    __raise.o(.text) refers to defsig.o(CL$$defsig) for __default_signal_handler
    defsig_general.o(.text) refers to sys_wrch.o(.text) for _ttywrch
    sys_wrch.o(.text) refers (Special) to use_no_semi.o(.text) for __I$use$semihosting
    sys_wrch.o(.text) refers (Special) to indicate_semi.o(.text) for __semihosting_library_function
    defsig.o(CL$$defsig) refers to defsig_rtmem_inner.o(.text) for __rt_SIGRTMEM_inner
    defsig_abrt_inner.o(.text) refers to defsig_general.o(.text) for __default_signal_display
    defsig_fpe_inner.o(.text) refers to defsig_general.o(.text) for __default_signal_display
    defsig_rtred_inner.o(.text) refers to defsig_general.o(.text) for __default_signal_display
    defsig_stak_inner.o(.text) refers to defsig_general.o(.text) for __default_signal_display
    defsig_pvfn_inner.o(.text) refers to defsig_general.o(.text) for __default_signal_display
    defsig_cppl_inner.o(.text) refers to defsig_general.o(.text) for __default_signal_display
    defsig_segv_inner.o(.text) refers to defsig_general.o(.text) for __default_signal_display
    defsig_other.o(.text) refers to defsig_general.o(.text) for __default_signal_display


==============================================================================

Removing Unused input sections from the image.

    Removing main.o(.rev16_text), (4 bytes).
    Removing main.o(.revsh_text), (4 bytes).
    Removing stm32f4xx_it.o(.rev16_text), (4 bytes).
    Removing stm32f4xx_it.o(.revsh_text), (4 bytes).
    Removing system_stm32f4xx.o(.rev16_text), (4 bytes).
    Removing system_stm32f4xx.o(.revsh_text), (4 bytes).
    Removing stm32f4xx_gpio.o(.rev16_text), (4 bytes).
    Removing stm32f4xx_gpio.o(.revsh_text), (4 bytes).
    Removing stm32f4xx_rcc.o(.rev16_text), (4 bytes).
    Removing stm32f4xx_rcc.o(.revsh_text), (4 bytes).
    Removing stm32f4xx_usart.o(.rev16_text), (4 bytes).
    Removing stm32f4xx_usart.o(.revsh_text), (4 bytes).
    Removing stm32f4xx_tim.o(.rev16_text), (4 bytes).
    Removing stm32f4xx_tim.o(.revsh_text), (4 bytes).
    Removing misc.o(.rev16_text), (4 bytes).
    Removing misc.o(.revsh_text), (4 bytes).
    Removing direct_kinematics.o(.rev16_text), (4 bytes).
    Removing direct_kinematics.o(.revsh_text), (4 bytes).
    Removing myuart.o(.rev16_text), (4 bytes).
    Removing myuart.o(.revsh_text), (4 bytes).
    Removing timer.o(.rev16_text), (4 bytes).
    Removing timer.o(.revsh_text), (4 bytes).
    Removing my_gpio.o(.rev16_text), (4 bytes).
    Removing my_gpio.o(.revsh_text), (4 bytes).
    Removing matrix.o(.rev16_text), (4 bytes).
    Removing matrix.o(.revsh_text), (4 bytes).
    Removing qei.o(.rev16_text), (4 bytes).
    Removing qei.o(.revsh_text), (4 bytes).

28 unused section(s) (total 112 bytes) removed from the image.

==============================================================================

Image Symbol Table

    Local Symbols

    Symbol Name                              Value     Ov Type        Size  Object(Section)

    ../clib/angel/boardlib.s                 0x00000000   Number         0  boardinit2.o ABSOLUTE
    ../clib/angel/boardlib.s                 0x00000000   Number         0  boardinit3.o ABSOLUTE
    ../clib/angel/boardlib.s                 0x00000000   Number         0  boardinit1.o ABSOLUTE
    ../clib/angel/boardlib.s                 0x00000000   Number         0  boardshut.o ABSOLUTE
    ../clib/angel/dczerorl2.s                0x00000000   Number         0  __dczerorl2.o ABSOLUTE
    ../clib/angel/handlers.s                 0x00000000   Number         0  __scatter_zi.o ABSOLUTE
    ../clib/angel/kernel.s                   0x00000000   Number         0  rtentry4.o ABSOLUTE
    ../clib/angel/kernel.s                   0x00000000   Number         0  rtentry2.o ABSOLUTE
    ../clib/angel/kernel.s                   0x00000000   Number         0  rtexit2.o ABSOLUTE
    ../clib/angel/kernel.s                   0x00000000   Number         0  rtexit.o ABSOLUTE
    ../clib/angel/kernel.s                   0x00000000   Number         0  rtentry.o ABSOLUTE
    ../clib/angel/rt.s                       0x00000000   Number         0  rt_raise.o ABSOLUTE
    ../clib/angel/rt.s                       0x00000000   Number         0  rt_errno_addr_intlibspace.o ABSOLUTE
    ../clib/angel/rt.s                       0x00000000   Number         0  rt_errno_addr.o ABSOLUTE
    ../clib/angel/scatter.s                  0x00000000   Number         0  __scatter.o ABSOLUTE
    ../clib/angel/startup.s                  0x00000000   Number         0  __main.o ABSOLUTE
    ../clib/angel/sys.s                      0x00000000   Number         0  indicate_semi.o ABSOLUTE
    ../clib/angel/sys.s                      0x00000000   Number         0  libspace.o ABSOLUTE
    ../clib/angel/sys.s                      0x00000000   Number         0  sys_stackheap_outer.o ABSOLUTE
    ../clib/angel/sys.s                      0x00000000   Number         0  use_no_semi.o ABSOLUTE
    ../clib/angel/sysapp.c                   0x00000000   Number         0  sys_exit.o ABSOLUTE
    ../clib/angel/sysapp.c                   0x00000000   Number         0  sys_wrch.o ABSOLUTE
    ../clib/angel/sysapp.c                   0x00000000   Number         0  sys_command.o ABSOLUTE
    ../clib/armsys.c                         0x00000000   Number         0  argv_veneer.o ABSOLUTE
    ../clib/armsys.c                         0x00000000   Number         0  no_argv.o ABSOLUTE
    ../clib/armsys.c                         0x00000000   Number         0  _get_argv_nomalloc.o ABSOLUTE
    ../clib/armsys.c                         0x00000000   Number         0  argv_veneer.o ABSOLUTE
    ../clib/fenv.c                           0x00000000   Number         0  _rserrno.o ABSOLUTE
    ../clib/heapalloc.c                      0x00000000   Number         0  hrguard.o ABSOLUTE
    ../clib/heapaux.c                        0x00000000   Number         0  heapauxi.o ABSOLUTE
    ../clib/libinit.s                        0x00000000   Number         0  libshutdown2.o ABSOLUTE
    ../clib/libinit.s                        0x00000000   Number         0  libshutdown.o ABSOLUTE
    ../clib/libinit.s                        0x00000000   Number         0  libinit.o ABSOLUTE
    ../clib/libinit.s                        0x00000000   Number         0  libinit2.o ABSOLUTE
    ../clib/signal.c                         0x00000000   Number         0  defsig_rtmem_inner.o ABSOLUTE
    ../clib/signal.c                         0x00000000   Number         0  defsig_other.o ABSOLUTE
    ../clib/signal.c                         0x00000000   Number         0  defsig_general.o ABSOLUTE
    ../clib/signal.c                         0x00000000   Number         0  __raise.o ABSOLUTE
    ../clib/signal.c                         0x00000000   Number         0  defsig_exit.o ABSOLUTE
    ../clib/signal.c                         0x00000000   Number         0  defsig_abrt_inner.o ABSOLUTE
    ../clib/signal.c                         0x00000000   Number         0  defsig_rtred_inner.o ABSOLUTE
    ../clib/signal.c                         0x00000000   Number         0  defsig_rtmem_formal.o ABSOLUTE
    ../clib/signal.c                         0x00000000   Number         0  defsig_rtmem_outer.o ABSOLUTE
    ../clib/signal.c                         0x00000000   Number         0  defsig_segv_inner.o ABSOLUTE
    ../clib/signal.c                         0x00000000   Number         0  defsig_fpe_inner.o ABSOLUTE
    ../clib/signal.c                         0x00000000   Number         0  defsig_pvfn_inner.o ABSOLUTE
    ../clib/signal.c                         0x00000000   Number         0  defsig_cppl_inner.o ABSOLUTE
    ../clib/signal.c                         0x00000000   Number         0  defsig_stak_inner.o ABSOLUTE
    ../clib/signal.s                         0x00000000   Number         0  defsig.o ABSOLUTE
    ../clib/stdlib.c                         0x00000000   Number         0  exit.o ABSOLUTE
    ../fplib/basic.s                         0x00000000   Number         0  basic.o ABSOLUTE
    ../fplib/daddsub.s                       0x00000000   Number         0  daddsub_clz.o ABSOLUTE
    ../fplib/ddiv.s                          0x00000000   Number         0  ddiv.o ABSOLUTE
    ../fplib/dfix.s                          0x00000000   Number         0  dfix.o ABSOLUTE
    ../fplib/dflt.s                          0x00000000   Number         0  dflt_clz.o ABSOLUTE
    ../fplib/dmul.s                          0x00000000   Number         0  dmul.o ABSOLUTE
    ../fplib/dnaninf.s                       0x00000000   Number         0  dnaninf.o ABSOLUTE
    ../fplib/dretinf.s                       0x00000000   Number         0  dretinf.o ABSOLUTE
    ../fplib/fpinit.s                        0x00000000   Number         0  fpinit.o ABSOLUTE
    ../fplib/usenofp.s                       0x00000000   Number         0  usenofp.o ABSOLUTE
    ../mathlib/cos.c                         0x00000000   Number         0  cos_x.o ABSOLUTE
    ../mathlib/cos.c                         0x00000000   Number         0  cos.o ABSOLUTE
    ../mathlib/cos_i.c                       0x00000000   Number         0  cos_i.o ABSOLUTE
    ../mathlib/dunder.c                      0x00000000   Number         0  dunder.o ABSOLUTE
    ../mathlib/fabs.c                        0x00000000   Number         0  fabs.o ABSOLUTE
    ../mathlib/fpclassify.c                  0x00000000   Number         0  fpclassify.o ABSOLUTE
    ../mathlib/poly.c                        0x00000000   Number         0  poly.o ABSOLUTE
    ../mathlib/rred.c                        0x00000000   Number         0  rred.o ABSOLUTE
    ../mathlib/sin.c                         0x00000000   Number         0  sin.o ABSOLUTE
    ../mathlib/sin.c                         0x00000000   Number         0  sin_x.o ABSOLUTE
    ../mathlib/sin_i.c                       0x00000000   Number         0  sin_i.o ABSOLUTE
    ../mathlib/sin_i.c                       0x00000000   Number         0  sin_i_x.o ABSOLUTE
    C:\Keil\ARM\Examples\ST\STM32F4xx_DSP_StdPeriph_Lib_V1.3.0\Libraries\STM32F4xx_StdPeriph_Driver\src\misc.c 0x00000000   Number         0  misc.o ABSOLUTE
    C:\Keil\ARM\Examples\ST\STM32F4xx_DSP_StdPeriph_Lib_V1.3.0\Libraries\STM32F4xx_StdPeriph_Driver\src\stm32f4xx_gpio.c 0x00000000   Number         0  stm32f4xx_gpio.o ABSOLUTE
    C:\Keil\ARM\Examples\ST\STM32F4xx_DSP_StdPeriph_Lib_V1.3.0\Libraries\STM32F4xx_StdPeriph_Driver\src\stm32f4xx_rcc.c 0x00000000   Number         0  stm32f4xx_rcc.o ABSOLUTE
    C:\Keil\ARM\Examples\ST\STM32F4xx_DSP_StdPeriph_Lib_V1.3.0\Libraries\STM32F4xx_StdPeriph_Driver\src\stm32f4xx_tim.c 0x00000000   Number         0  stm32f4xx_tim.o ABSOLUTE
    C:\Keil\ARM\Examples\ST\STM32F4xx_DSP_StdPeriph_Lib_V1.3.0\Libraries\STM32F4xx_StdPeriph_Driver\src\stm32f4xx_usart.c 0x00000000   Number         0  stm32f4xx_usart.o ABSOLUTE
    C:\\Keil\\ARM\\Examples\\ST\\STM32F4xx_DSP_StdPeriph_Lib_V1.3.0\\Libraries\\STM32F4xx_StdPeriph_Driver\\src\\misc.c 0x00000000   Number         0  misc.o ABSOLUTE
    C:\\Keil\\ARM\\Examples\\ST\\STM32F4xx_DSP_StdPeriph_Lib_V1.3.0\\Libraries\\STM32F4xx_StdPeriph_Driver\\src\\stm32f4xx_gpio.c 0x00000000   Number         0  stm32f4xx_gpio.o ABSOLUTE
    C:\\Keil\\ARM\\Examples\\ST\\STM32F4xx_DSP_StdPeriph_Lib_V1.3.0\\Libraries\\STM32F4xx_StdPeriph_Driver\\src\\stm32f4xx_rcc.c 0x00000000   Number         0  stm32f4xx_rcc.o ABSOLUTE
    C:\\Keil\\ARM\\Examples\\ST\\STM32F4xx_DSP_StdPeriph_Lib_V1.3.0\\Libraries\\STM32F4xx_StdPeriph_Driver\\src\\stm32f4xx_tim.c 0x00000000   Number         0  stm32f4xx_tim.o ABSOLUTE
    C:\\Keil\\ARM\\Examples\\ST\\STM32F4xx_DSP_StdPeriph_Lib_V1.3.0\\Libraries\\STM32F4xx_StdPeriph_Driver\\src\\stm32f4xx_usart.c 0x00000000   Number         0  stm32f4xx_usart.o ABSOLUTE
    Direct_Kinematics\Direct_Kinematics.c    0x00000000   Number         0  direct_kinematics.o ABSOLUTE
    Direct_Kinematics\\Direct_Kinematics.c   0x00000000   Number         0  direct_kinematics.o ABSOLUTE
    GPIO\MY_GPIO.c                           0x00000000   Number         0  my_gpio.o ABSOLUTE
    GPIO\\MY_GPIO.c                          0x00000000   Number         0  my_gpio.o ABSOLUTE
    MATRIX\\matrix.c                         0x00000000   Number         0  matrix.o ABSOLUTE
    MATRIX\matrix.c                          0x00000000   Number         0  matrix.o ABSOLUTE
    QEI\\qei.c                               0x00000000   Number         0  qei.o ABSOLUTE
    QEI\qei.c                                0x00000000   Number         0  qei.o ABSOLUTE
    TIMER\Timer.c                            0x00000000   Number         0  timer.o ABSOLUTE
    TIMER\\Timer.c                           0x00000000   Number         0  timer.o ABSOLUTE
    UART\MYUART.c                            0x00000000   Number         0  myuart.o ABSOLUTE
    UART\\MYUART.c                           0x00000000   Number         0  myuart.o ABSOLUTE
    dc.s                                     0x00000000   Number         0  dc.o ABSOLUTE
    main.c                                   0x00000000   Number         0  main.o ABSOLUTE
    main.c                                   0x00000000   Number         0  main.o ABSOLUTE
    startup_stm32f40_41xxx.s                 0x00000000   Number         0  startup_stm32f40_41xxx.o ABSOLUTE
    stm32f4xx_it.c                           0x00000000   Number         0  stm32f4xx_it.o ABSOLUTE
    stm32f4xx_it.c                           0x00000000   Number         0  stm32f4xx_it.o ABSOLUTE
    system_stm32f4xx.c                       0x00000000   Number         0  system_stm32f4xx.o ABSOLUTE
    system_stm32f4xx.c                       0x00000000   Number         0  system_stm32f4xx.o ABSOLUTE
    RESET                                    0x08000000   Section      392  startup_stm32f40_41xxx.o(RESET)
    !!!main                                  0x08000188   Section        8  __main.o(!!!main)
    !!!scatter                               0x08000190   Section       52  __scatter.o(!!!scatter)
    !!dczerorl2                              0x080001c4   Section       90  __dczerorl2.o(!!dczerorl2)
    !!handler_zi                             0x08000220   Section       28  __scatter_zi.o(!!handler_zi)
    .ARM.Collect$$libinit$$00000000          0x0800023c   Section        2  libinit.o(.ARM.Collect$$libinit$$00000000)
    .ARM.Collect$$libinit$$00000001          0x0800023e   Section        4  libinit2.o(.ARM.Collect$$libinit$$00000001)
    .ARM.Collect$$libinit$$00000008          0x08000242   Section        0  libinit2.o(.ARM.Collect$$libinit$$00000008)
    .ARM.Collect$$libinit$$0000000A          0x08000242   Section        0  libinit2.o(.ARM.Collect$$libinit$$0000000A)
    .ARM.Collect$$libinit$$0000000C          0x08000242   Section        0  libinit2.o(.ARM.Collect$$libinit$$0000000C)
    .ARM.Collect$$libinit$$0000000F          0x08000242   Section        0  libinit2.o(.ARM.Collect$$libinit$$0000000F)
    .ARM.Collect$$libinit$$00000011          0x08000242   Section        0  libinit2.o(.ARM.Collect$$libinit$$00000011)
    .ARM.Collect$$libinit$$00000013          0x08000242   Section        0  libinit2.o(.ARM.Collect$$libinit$$00000013)
    .ARM.Collect$$libinit$$00000015          0x08000242   Section        0  libinit2.o(.ARM.Collect$$libinit$$00000015)
    .ARM.Collect$$libinit$$00000017          0x08000242   Section        0  libinit2.o(.ARM.Collect$$libinit$$00000017)
    .ARM.Collect$$libinit$$00000019          0x08000242   Section        0  libinit2.o(.ARM.Collect$$libinit$$00000019)
    .ARM.Collect$$libinit$$0000001B          0x08000242   Section        0  libinit2.o(.ARM.Collect$$libinit$$0000001B)
    .ARM.Collect$$libinit$$0000001D          0x08000242   Section        0  libinit2.o(.ARM.Collect$$libinit$$0000001D)
    .ARM.Collect$$libinit$$0000001F          0x08000242   Section        0  libinit2.o(.ARM.Collect$$libinit$$0000001F)
    .ARM.Collect$$libinit$$00000021          0x08000242   Section        0  libinit2.o(.ARM.Collect$$libinit$$00000021)
    .ARM.Collect$$libinit$$00000023          0x08000242   Section        0  libinit2.o(.ARM.Collect$$libinit$$00000023)
    .ARM.Collect$$libinit$$0000002A          0x08000242   Section        0  libinit2.o(.ARM.Collect$$libinit$$0000002A)
    .ARM.Collect$$libinit$$0000002C          0x08000242   Section        0  libinit2.o(.ARM.Collect$$libinit$$0000002C)
    .ARM.Collect$$libinit$$0000002E          0x08000242   Section        0  libinit2.o(.ARM.Collect$$libinit$$0000002E)
    .ARM.Collect$$libinit$$00000030          0x08000242   Section        0  libinit2.o(.ARM.Collect$$libinit$$00000030)
    .ARM.Collect$$libinit$$00000031          0x08000242   Section        2  libinit2.o(.ARM.Collect$$libinit$$00000031)
    .ARM.Collect$$libshutdown$$00000000      0x08000244   Section        2  libshutdown.o(.ARM.Collect$$libshutdown$$00000000)
    .ARM.Collect$$libshutdown$$00000003      0x08000246   Section        0  libshutdown2.o(.ARM.Collect$$libshutdown$$00000003)
    .ARM.Collect$$libshutdown$$00000006      0x08000246   Section        0  libshutdown2.o(.ARM.Collect$$libshutdown$$00000006)
    .ARM.Collect$$libshutdown$$00000009      0x08000246   Section        0  libshutdown2.o(.ARM.Collect$$libshutdown$$00000009)
    .ARM.Collect$$libshutdown$$0000000B      0x08000246   Section        0  libshutdown2.o(.ARM.Collect$$libshutdown$$0000000B)
    .ARM.Collect$$libshutdown$$0000000E      0x08000246   Section        0  libshutdown2.o(.ARM.Collect$$libshutdown$$0000000E)
    .ARM.Collect$$libshutdown$$0000000F      0x08000246   Section        2  libshutdown2.o(.ARM.Collect$$libshutdown$$0000000F)
    .ARM.Collect$$rtentry$$00000000          0x08000248   Section        0  rtentry.o(.ARM.Collect$$rtentry$$00000000)
    .ARM.Collect$$rtentry$$00000002          0x08000248   Section        0  rtentry2.o(.ARM.Collect$$rtentry$$00000002)
    .ARM.Collect$$rtentry$$00000004          0x08000248   Section        6  rtentry4.o(.ARM.Collect$$rtentry$$00000004)
    .ARM.Collect$$rtentry$$00000009          0x0800024e   Section        0  rtentry2.o(.ARM.Collect$$rtentry$$00000009)
    .ARM.Collect$$rtentry$$0000000A          0x0800024e   Section        4  rtentry2.o(.ARM.Collect$$rtentry$$0000000A)
    .ARM.Collect$$rtentry$$0000000C          0x08000252   Section        0  rtentry2.o(.ARM.Collect$$rtentry$$0000000C)
    .ARM.Collect$$rtentry$$0000000D          0x08000252   Section        8  rtentry2.o(.ARM.Collect$$rtentry$$0000000D)
    .ARM.Collect$$rtexit$$00000000           0x0800025a   Section        2  rtexit.o(.ARM.Collect$$rtexit$$00000000)
    .ARM.Collect$$rtexit$$00000002           0x0800025c   Section        0  rtexit2.o(.ARM.Collect$$rtexit$$00000002)
    .ARM.Collect$$rtexit$$00000003           0x0800025c   Section        4  rtexit2.o(.ARM.Collect$$rtexit$$00000003)
    .ARM.Collect$$rtexit$$00000004           0x08000260   Section        6  rtexit2.o(.ARM.Collect$$rtexit$$00000004)
    .text                                    0x08000268   Section       64  startup_stm32f40_41xxx.o(.text)
    $v0                                      0x08000268   Number         0  startup_stm32f40_41xxx.o(.text)
    .text                                    0x080002a8   Section        0  main.o(.text)
    .text                                    0x0800031c   Section        0  stm32f4xx_it.o(.text)
    .text                                    0x08000330   Section        0  system_stm32f4xx.o(.text)
    SetSysClock                              0x08000331   Thumb Code   162  system_stm32f4xx.o(.text)
    .text                                    0x080004ac   Section        0  stm32f4xx_gpio.o(.text)
    .text                                    0x080006e4   Section        0  stm32f4xx_rcc.o(.text)
    .text                                    0x08000b4c   Section        0  stm32f4xx_usart.o(.text)
    .text                                    0x08000eb0   Section        0  stm32f4xx_tim.o(.text)
    TI2_Config                               0x080014fb   Thumb Code    54  stm32f4xx_tim.o(.text)
    TI1_Config                               0x0800185f   Thumb Code    46  stm32f4xx_tim.o(.text)
    .text                                    0x0800188c   Section        0  misc.o(.text)
    .text                                    0x0800193c   Section        0  direct_kinematics.o(.text)
    .text                                    0x08001ecc   Section        0  myuart.o(.text)
    .text                                    0x080020b0   Section        0  timer.o(.text)
    .text                                    0x0800226c   Section        0  my_gpio.o(.text)
    .text                                    0x080022a4   Section        0  matrix.o(.text)
    .text                                    0x08002350   Section        0  qei.o(.text)
    .text                                    0x08002728   Section        0  heapauxi.o(.text)
    .text                                    0x0800272e   Section        0  _rserrno.o(.text)
    .text                                    0x08002744   Section        8  rt_errno_addr_intlibspace.o(.text)
    .text                                    0x0800274c   Section        8  libspace.o(.text)
    .text                                    0x08002754   Section       74  sys_stackheap_outer.o(.text)
    .text                                    0x0800279e   Section        0  exit.o(.text)
    .text                                    0x080027ac   Section        0  sys_exit.o(.text)
    .text                                    0x080027b8   Section        2  use_no_semi.o(.text)
    .text                                    0x080027ba   Section        0  indicate_semi.o(.text)
    i.__ARM_fpclassify                       0x080027ba   Section        0  fpclassify.o(i.__ARM_fpclassify)
    i.__hardfp_cos                           0x080027f0   Section        0  cos.o(i.__hardfp_cos)
    i.__hardfp_sin                           0x080028c8   Section        0  sin.o(i.__hardfp_sin)
    i.__ieee754_rem_pio2                     0x080029a0   Section        0  rred.o(i.__ieee754_rem_pio2)
    i.__kernel_cos                           0x08002df8   Section        0  cos_i.o(i.__kernel_cos)
    i.__kernel_poly                          0x08002f68   Section        0  poly.o(i.__kernel_poly)
    i.__kernel_sin                           0x08003060   Section        0  sin_i.o(i.__kernel_sin)
    i.__mathlib_dbl_underflow                0x08003190   Section        0  dunder.o(i.__mathlib_dbl_underflow)
    i.fabs                                   0x080031b0   Section        0  fabs.o(i.fabs)
    x$fpl$basic                              0x080031d0   Section       24  basic.o(x$fpl$basic)
    $v0                                      0x080031d0   Number         0  basic.o(x$fpl$basic)
    x$fpl$dadd                               0x080031e8   Section      336  daddsub_clz.o(x$fpl$dadd)
    $v0                                      0x080031e8   Number         0  daddsub_clz.o(x$fpl$dadd)
    _dadd1                                   0x080031f9   Thumb Code     0  daddsub_clz.o(x$fpl$dadd)
    x$fpl$ddiv                               0x08003338   Section      688  ddiv.o(x$fpl$ddiv)
    $v0                                      0x08003338   Number         0  ddiv.o(x$fpl$ddiv)
    ddiv_entry                               0x0800333f   Thumb Code     0  ddiv.o(x$fpl$ddiv)
    x$fpl$dfix                               0x080035e8   Section       94  dfix.o(x$fpl$dfix)
    $v0                                      0x080035e8   Number         0  dfix.o(x$fpl$dfix)
    x$fpl$dflt                               0x08003646   Section       46  dflt_clz.o(x$fpl$dflt)
    $v0                                      0x08003646   Number         0  dflt_clz.o(x$fpl$dflt)
    x$fpl$dfltu                              0x08003674   Section       38  dflt_clz.o(x$fpl$dfltu)
    $v0                                      0x08003674   Number         0  dflt_clz.o(x$fpl$dfltu)
    x$fpl$dmul                               0x0800369c   Section      340  dmul.o(x$fpl$dmul)
    $v0                                      0x0800369c   Number         0  dmul.o(x$fpl$dmul)
    x$fpl$dnaninf                            0x080037f0   Section      156  dnaninf.o(x$fpl$dnaninf)
    $v0                                      0x080037f0   Number         0  dnaninf.o(x$fpl$dnaninf)
    x$fpl$dretinf                            0x0800388c   Section       12  dretinf.o(x$fpl$dretinf)
    $v0                                      0x0800388c   Number         0  dretinf.o(x$fpl$dretinf)
    x$fpl$drsb                               0x08003898   Section       22  daddsub_clz.o(x$fpl$drsb)
    $v0                                      0x08003898   Number         0  daddsub_clz.o(x$fpl$drsb)
    x$fpl$dsub                               0x080038b0   Section      468  daddsub_clz.o(x$fpl$dsub)
    $v0                                      0x080038b0   Number         0  daddsub_clz.o(x$fpl$dsub)
    _dsub1                                   0x080038c1   Thumb Code     0  daddsub_clz.o(x$fpl$dsub)
    x$fpl$fpinit                             0x08003a84   Section       10  fpinit.o(x$fpl$fpinit)
    $v0                                      0x08003a84   Number         0  fpinit.o(x$fpl$fpinit)
    x$fpl$usenofp                            0x08003a8e   Section        0  usenofp.o(x$fpl$usenofp)
    .constdata                               0x08003a90   Section       48  cos_i.o(.constdata)
    C                                        0x08003a90   Data          48  cos_i.o(.constdata)
    .constdata                               0x08003ac0   Section      200  rred.o(.constdata)
    pio2s                                    0x08003ac0   Data          48  rred.o(.constdata)
    twooverpi                                0x08003af0   Data         152  rred.o(.constdata)
    .constdata                               0x08003b88   Section       40  sin_i.o(.constdata)
    S                                        0x08003b88   Data          40  sin_i.o(.constdata)
    .data                                    0x20000000   Section        4  main.o(.data)
    Encoder_Pulse_6                          0x20000000   Data           4  main.o(.data)
    .data                                    0x20000004   Section       20  system_stm32f4xx.o(.data)
    .data                                    0x20000018   Section       16  stm32f4xx_rcc.o(.data)
    APBAHBPrescTable                         0x20000018   Data          16  stm32f4xx_rcc.o(.data)
    .data                                    0x20000028   Section      168  direct_kinematics.o(.data)
    d                                        0x20000028   Data          56  direct_kinematics.o(.data)
    a                                        0x20000060   Data          56  direct_kinematics.o(.data)
    Apha                                     0x20000098   Data          56  direct_kinematics.o(.data)
    .data                                    0x200000d0   Section       96  timer.o(.data)
    ServoBase_Pin_Pulse                      0x200000d0   Data          24  timer.o(.data)
    ServoPin_Pulse                           0x200000e8   Data          24  timer.o(.data)
    ServoBase_Pin_Dir                        0x20000100   Data          24  timer.o(.data)
    ServoPin_Dir                             0x20000118   Data          24  timer.o(.data)
    .bss                                     0x20000130   Section      768  direct_kinematics.o(.bss)
    A1                                       0x20000130   Data         128  direct_kinematics.o(.bss)
    A2                                       0x200001b0   Data         128  direct_kinematics.o(.bss)
    A3                                       0x20000230   Data         128  direct_kinematics.o(.bss)
    A4                                       0x200002b0   Data         128  direct_kinematics.o(.bss)
    A5                                       0x20000330   Data         128  direct_kinematics.o(.bss)
    A6                                       0x200003b0   Data         128  direct_kinematics.o(.bss)
    .bss                                     0x20000430   Section       72  timer.o(.bss)
    ServoPulse                               0x20000430   Data          24  timer.o(.bss)
    ServoPos                                 0x20000448   Data          24  timer.o(.bss)
    ServoPosTemp                             0x20000460   Data          24  timer.o(.bss)
    .bss                                     0x20000478   Section       96  libspace.o(.bss)
    HEAP                                     0x200004d8   Section      512  startup_stm32f40_41xxx.o(HEAP)
    Heap_Mem                                 0x200004d8   Data         512  startup_stm32f40_41xxx.o(HEAP)
    STACK                                    0x200006d8   Section     1024  startup_stm32f40_41xxx.o(STACK)
    Stack_Mem                                0x200006d8   Data        1024  startup_stm32f40_41xxx.o(STACK)
    __initial_sp                             0x20000ad8   Data           0  startup_stm32f40_41xxx.o(STACK)

    Global Symbols

    Symbol Name                              Value     Ov Type        Size  Object(Section)

    BuildAttributes$$THM_ISAv4$E$P$D$K$B$S$7EM$VFPi3$EXTD16$VFPS$VFMA$PE$A:L22UL41UL21$X:L11$S22US41US21$IEEE1$IW$USESV6$~STKCKD$USESV7$~SHL$OTIME$ROPI$IEEEX$EBA8$UX$STANDARDLIB$REQ8$PRES8$EABIv2 0x00000000   Number         0  anon$$obj.o ABSOLUTE
    __ARM_use_no_argv                        0x00000000   Number         0  main.o ABSOLUTE
    __ARM_exceptions_init                     - Undefined Weak Reference
    __alloca_initialize                       - Undefined Weak Reference
    __cpp_initialize__aeabi_                  - Undefined Weak Reference
    __cxa_finalize                            - Undefined Weak Reference
    __rt_locale                               - Undefined Weak Reference
    __sigvec_lookup                           - Undefined Weak Reference
    _atexit_init                              - Undefined Weak Reference
    _call_atexit_fns                          - Undefined Weak Reference
    _clock_init                               - Undefined Weak Reference
    _fp_trap_init                             - Undefined Weak Reference
    _fp_trap_shutdown                         - Undefined Weak Reference
    _get_lc_collate                           - Undefined Weak Reference
    _get_lc_ctype                             - Undefined Weak Reference
    _get_lc_monetary                          - Undefined Weak Reference
    _get_lc_numeric                           - Undefined Weak Reference
    _get_lc_time                              - Undefined Weak Reference
    _getenv_init                              - Undefined Weak Reference
    _handle_redirection                       - Undefined Weak Reference
    _init_alloc                               - Undefined Weak Reference
    _init_user_alloc                          - Undefined Weak Reference
    _initio                                   - Undefined Weak Reference
    _rand_init                                - Undefined Weak Reference
    _signal_finish                            - Undefined Weak Reference
    _signal_init                              - Undefined Weak Reference
    _terminate_alloc                          - Undefined Weak Reference
    _terminate_user_alloc                     - Undefined Weak Reference
    _terminateio                              - Undefined Weak Reference
    __Vectors_Size                           0x00000188   Number         0  startup_stm32f40_41xxx.o ABSOLUTE
    __Vectors                                0x08000000   Data           4  startup_stm32f40_41xxx.o(RESET)
    __Vectors_End                            0x08000188   Data           0  startup_stm32f40_41xxx.o(RESET)
    __main                                   0x08000189   Thumb Code     8  __main.o(!!!main)
    __scatterload                            0x08000191   Thumb Code     0  __scatter.o(!!!scatter)
    __scatterload_rt2                        0x08000191   Thumb Code    44  __scatter.o(!!!scatter)
    __scatterload_rt2_thumb_only             0x08000191   Thumb Code     0  __scatter.o(!!!scatter)
    __scatterload_null                       0x0800019f   Thumb Code     0  __scatter.o(!!!scatter)
    __decompress                             0x080001c5   Thumb Code    90  __dczerorl2.o(!!dczerorl2)
    __decompress1                            0x080001c5   Thumb Code     0  __dczerorl2.o(!!dczerorl2)
    __scatterload_zeroinit                   0x08000221   Thumb Code    28  __scatter_zi.o(!!handler_zi)
    __rt_lib_init                            0x0800023d   Thumb Code     0  libinit.o(.ARM.Collect$$libinit$$00000000)
    __rt_lib_init_fp_1                       0x0800023f   Thumb Code     0  libinit2.o(.ARM.Collect$$libinit$$00000001)
    __rt_lib_init_alloca_1                   0x08000243   Thumb Code     0  libinit2.o(.ARM.Collect$$libinit$$0000002C)
    __rt_lib_init_argv_1                     0x08000243   Thumb Code     0  libinit2.o(.ARM.Collect$$libinit$$0000002A)
    __rt_lib_init_atexit_1                   0x08000243   Thumb Code     0  libinit2.o(.ARM.Collect$$libinit$$00000019)
    __rt_lib_init_clock_1                    0x08000243   Thumb Code     0  libinit2.o(.ARM.Collect$$libinit$$0000001F)
    __rt_lib_init_cpp_1                      0x08000243   Thumb Code     0  libinit2.o(.ARM.Collect$$libinit$$00000030)
    __rt_lib_init_exceptions_1               0x08000243   Thumb Code     0  libinit2.o(.ARM.Collect$$libinit$$0000002E)
    __rt_lib_init_fp_trap_1                  0x08000243   Thumb Code     0  libinit2.o(.ARM.Collect$$libinit$$0000001D)
    __rt_lib_init_getenv_1                   0x08000243   Thumb Code     0  libinit2.o(.ARM.Collect$$libinit$$00000021)
    __rt_lib_init_heap_1                     0x08000243   Thumb Code     0  libinit2.o(.ARM.Collect$$libinit$$00000008)
    __rt_lib_init_lc_collate_1               0x08000243   Thumb Code     0  libinit2.o(.ARM.Collect$$libinit$$0000000F)
    __rt_lib_init_lc_ctype_1                 0x08000243   Thumb Code     0  libinit2.o(.ARM.Collect$$libinit$$00000011)
    __rt_lib_init_lc_monetary_1              0x08000243   Thumb Code     0  libinit2.o(.ARM.Collect$$libinit$$00000013)
    __rt_lib_init_lc_numeric_1               0x08000243   Thumb Code     0  libinit2.o(.ARM.Collect$$libinit$$00000015)
    __rt_lib_init_lc_time_1                  0x08000243   Thumb Code     0  libinit2.o(.ARM.Collect$$libinit$$00000017)
    __rt_lib_init_rand_1                     0x08000243   Thumb Code     0  libinit2.o(.ARM.Collect$$libinit$$0000000C)
    __rt_lib_init_return                     0x08000243   Thumb Code     0  libinit2.o(.ARM.Collect$$libinit$$00000031)
    __rt_lib_init_signal_1                   0x08000243   Thumb Code     0  libinit2.o(.ARM.Collect$$libinit$$0000001B)
    __rt_lib_init_stdio_1                    0x08000243   Thumb Code     0  libinit2.o(.ARM.Collect$$libinit$$00000023)
    __rt_lib_init_user_alloc_1               0x08000243   Thumb Code     0  libinit2.o(.ARM.Collect$$libinit$$0000000A)
    __rt_lib_shutdown                        0x08000245   Thumb Code     0  libshutdown.o(.ARM.Collect$$libshutdown$$00000000)
    __rt_lib_shutdown_fp_trap_1              0x08000247   Thumb Code     0  libshutdown2.o(.ARM.Collect$$libshutdown$$00000006)
    __rt_lib_shutdown_heap_1                 0x08000247   Thumb Code     0  libshutdown2.o(.ARM.Collect$$libshutdown$$0000000E)
    __rt_lib_shutdown_return                 0x08000247   Thumb Code     0  libshutdown2.o(.ARM.Collect$$libshutdown$$0000000F)
    __rt_lib_shutdown_signal_1               0x08000247   Thumb Code     0  libshutdown2.o(.ARM.Collect$$libshutdown$$00000009)
    __rt_lib_shutdown_stdio_1                0x08000247   Thumb Code     0  libshutdown2.o(.ARM.Collect$$libshutdown$$00000003)
    __rt_lib_shutdown_user_alloc_1           0x08000247   Thumb Code     0  libshutdown2.o(.ARM.Collect$$libshutdown$$0000000B)
    __rt_entry                               0x08000249   Thumb Code     0  rtentry.o(.ARM.Collect$$rtentry$$00000000)
    __rt_entry_presh_1                       0x08000249   Thumb Code     0  rtentry2.o(.ARM.Collect$$rtentry$$00000002)
    __rt_entry_sh                            0x08000249   Thumb Code     0  rtentry4.o(.ARM.Collect$$rtentry$$00000004)
    __rt_entry_li                            0x0800024f   Thumb Code     0  rtentry2.o(.ARM.Collect$$rtentry$$0000000A)
    __rt_entry_postsh_1                      0x0800024f   Thumb Code     0  rtentry2.o(.ARM.Collect$$rtentry$$00000009)
    __rt_entry_main                          0x08000253   Thumb Code     0  rtentry2.o(.ARM.Collect$$rtentry$$0000000D)
    __rt_entry_postli_1                      0x08000253   Thumb Code     0  rtentry2.o(.ARM.Collect$$rtentry$$0000000C)
    __rt_exit                                0x0800025b   Thumb Code     0  rtexit.o(.ARM.Collect$$rtexit$$00000000)
    __rt_exit_ls                             0x0800025d   Thumb Code     0  rtexit2.o(.ARM.Collect$$rtexit$$00000003)
    __rt_exit_prels_1                        0x0800025d   Thumb Code     0  rtexit2.o(.ARM.Collect$$rtexit$$00000002)
    __rt_exit_exit                           0x08000261   Thumb Code     0  rtexit2.o(.ARM.Collect$$rtexit$$00000004)
    Reset_Handler                            0x08000269   Thumb Code     8  startup_stm32f40_41xxx.o(.text)
    ADC_IRQHandler                           0x08000283   Thumb Code     0  startup_stm32f40_41xxx.o(.text)
    CAN1_RX0_IRQHandler                      0x08000283   Thumb Code     0  startup_stm32f40_41xxx.o(.text)
    CAN1_RX1_IRQHandler                      0x08000283   Thumb Code     0  startup_stm32f40_41xxx.o(.text)
    CAN1_SCE_IRQHandler                      0x08000283   Thumb Code     0  startup_stm32f40_41xxx.o(.text)
    CAN1_TX_IRQHandler                       0x08000283   Thumb Code     0  startup_stm32f40_41xxx.o(.text)
    CAN2_RX0_IRQHandler                      0x08000283   Thumb Code     0  startup_stm32f40_41xxx.o(.text)
    CAN2_RX1_IRQHandler                      0x08000283   Thumb Code     0  startup_stm32f40_41xxx.o(.text)
    CAN2_SCE_IRQHandler                      0x08000283   Thumb Code     0  startup_stm32f40_41xxx.o(.text)
    CAN2_TX_IRQHandler                       0x08000283   Thumb Code     0  startup_stm32f40_41xxx.o(.text)
    CRYP_IRQHandler                          0x08000283   Thumb Code     0  startup_stm32f40_41xxx.o(.text)
    DCMI_IRQHandler                          0x08000283   Thumb Code     0  startup_stm32f40_41xxx.o(.text)
    DMA1_Stream0_IRQHandler                  0x08000283   Thumb Code     0  startup_stm32f40_41xxx.o(.text)
    DMA1_Stream1_IRQHandler                  0x08000283   Thumb Code     0  startup_stm32f40_41xxx.o(.text)
    DMA1_Stream2_IRQHandler                  0x08000283   Thumb Code     0  startup_stm32f40_41xxx.o(.text)
    DMA1_Stream3_IRQHandler                  0x08000283   Thumb Code     0  startup_stm32f40_41xxx.o(.text)
    DMA1_Stream4_IRQHandler                  0x08000283   Thumb Code     0  startup_stm32f40_41xxx.o(.text)
    DMA1_Stream5_IRQHandler                  0x08000283   Thumb Code     0  startup_stm32f40_41xxx.o(.text)
    DMA1_Stream6_IRQHandler                  0x08000283   Thumb Code     0  startup_stm32f40_41xxx.o(.text)
    DMA1_Stream7_IRQHandler                  0x08000283   Thumb Code     0  startup_stm32f40_41xxx.o(.text)
    DMA2_Stream0_IRQHandler                  0x08000283   Thumb Code     0  startup_stm32f40_41xxx.o(.text)
    DMA2_Stream1_IRQHandler                  0x08000283   Thumb Code     0  startup_stm32f40_41xxx.o(.text)
    DMA2_Stream2_IRQHandler                  0x08000283   Thumb Code     0  startup_stm32f40_41xxx.o(.text)
    DMA2_Stream3_IRQHandler                  0x08000283   Thumb Code     0  startup_stm32f40_41xxx.o(.text)
    DMA2_Stream4_IRQHandler                  0x08000283   Thumb Code     0  startup_stm32f40_41xxx.o(.text)
    DMA2_Stream5_IRQHandler                  0x08000283   Thumb Code     0  startup_stm32f40_41xxx.o(.text)
    DMA2_Stream6_IRQHandler                  0x08000283   Thumb Code     0  startup_stm32f40_41xxx.o(.text)
    DMA2_Stream7_IRQHandler                  0x08000283   Thumb Code     0  startup_stm32f40_41xxx.o(.text)
    ETH_IRQHandler                           0x08000283   Thumb Code     0  startup_stm32f40_41xxx.o(.text)
    ETH_WKUP_IRQHandler                      0x08000283   Thumb Code     0  startup_stm32f40_41xxx.o(.text)
    EXTI0_IRQHandler                         0x08000283   Thumb Code     0  startup_stm32f40_41xxx.o(.text)
    EXTI15_10_IRQHandler                     0x08000283   Thumb Code     0  startup_stm32f40_41xxx.o(.text)
    EXTI1_IRQHandler                         0x08000283   Thumb Code     0  startup_stm32f40_41xxx.o(.text)
    EXTI2_IRQHandler                         0x08000283   Thumb Code     0  startup_stm32f40_41xxx.o(.text)
    EXTI3_IRQHandler                         0x08000283   Thumb Code     0  startup_stm32f40_41xxx.o(.text)
    EXTI4_IRQHandler                         0x08000283   Thumb Code     0  startup_stm32f40_41xxx.o(.text)
    EXTI9_5_IRQHandler                       0x08000283   Thumb Code     0  startup_stm32f40_41xxx.o(.text)
    FLASH_IRQHandler                         0x08000283   Thumb Code     0  startup_stm32f40_41xxx.o(.text)
    FPU_IRQHandler                           0x08000283   Thumb Code     0  startup_stm32f40_41xxx.o(.text)
    FSMC_IRQHandler                          0x08000283   Thumb Code     0  startup_stm32f40_41xxx.o(.text)
    HASH_RNG_IRQHandler                      0x08000283   Thumb Code     0  startup_stm32f40_41xxx.o(.text)
    I2C1_ER_IRQHandler                       0x08000283   Thumb Code     0  startup_stm32f40_41xxx.o(.text)
    I2C1_EV_IRQHandler                       0x08000283   Thumb Code     0  startup_stm32f40_41xxx.o(.text)
    I2C2_ER_IRQHandler                       0x08000283   Thumb Code     0  startup_stm32f40_41xxx.o(.text)
    I2C2_EV_IRQHandler                       0x08000283   Thumb Code     0  startup_stm32f40_41xxx.o(.text)
    I2C3_ER_IRQHandler                       0x08000283   Thumb Code     0  startup_stm32f40_41xxx.o(.text)
    I2C3_EV_IRQHandler                       0x08000283   Thumb Code     0  startup_stm32f40_41xxx.o(.text)
    OTG_FS_IRQHandler                        0x08000283   Thumb Code     0  startup_stm32f40_41xxx.o(.text)
    OTG_FS_WKUP_IRQHandler                   0x08000283   Thumb Code     0  startup_stm32f40_41xxx.o(.text)
    OTG_HS_EP1_IN_IRQHandler                 0x08000283   Thumb Code     0  startup_stm32f40_41xxx.o(.text)
    OTG_HS_EP1_OUT_IRQHandler                0x08000283   Thumb Code     0  startup_stm32f40_41xxx.o(.text)
    OTG_HS_IRQHandler                        0x08000283   Thumb Code     0  startup_stm32f40_41xxx.o(.text)
    OTG_HS_WKUP_IRQHandler                   0x08000283   Thumb Code     0  startup_stm32f40_41xxx.o(.text)
    PVD_IRQHandler                           0x08000283   Thumb Code     0  startup_stm32f40_41xxx.o(.text)
    RCC_IRQHandler                           0x08000283   Thumb Code     0  startup_stm32f40_41xxx.o(.text)
    RTC_Alarm_IRQHandler                     0x08000283   Thumb Code     0  startup_stm32f40_41xxx.o(.text)
    RTC_WKUP_IRQHandler                      0x08000283   Thumb Code     0  startup_stm32f40_41xxx.o(.text)
    SDIO_IRQHandler                          0x08000283   Thumb Code     0  startup_stm32f40_41xxx.o(.text)
    SPI1_IRQHandler                          0x08000283   Thumb Code     0  startup_stm32f40_41xxx.o(.text)
    SPI2_IRQHandler                          0x08000283   Thumb Code     0  startup_stm32f40_41xxx.o(.text)
    SPI3_IRQHandler                          0x08000283   Thumb Code     0  startup_stm32f40_41xxx.o(.text)
    TAMP_STAMP_IRQHandler                    0x08000283   Thumb Code     0  startup_stm32f40_41xxx.o(.text)
    TIM1_BRK_TIM9_IRQHandler                 0x08000283   Thumb Code     0  startup_stm32f40_41xxx.o(.text)
    TIM1_CC_IRQHandler                       0x08000283   Thumb Code     0  startup_stm32f40_41xxx.o(.text)
    TIM1_TRG_COM_TIM11_IRQHandler            0x08000283   Thumb Code     0  startup_stm32f40_41xxx.o(.text)
    TIM1_UP_TIM10_IRQHandler                 0x08000283   Thumb Code     0  startup_stm32f40_41xxx.o(.text)
    TIM5_IRQHandler                          0x08000283   Thumb Code     0  startup_stm32f40_41xxx.o(.text)
    TIM6_DAC_IRQHandler                      0x08000283   Thumb Code     0  startup_stm32f40_41xxx.o(.text)
    TIM7_IRQHandler                          0x08000283   Thumb Code     0  startup_stm32f40_41xxx.o(.text)
    TIM8_BRK_TIM12_IRQHandler                0x08000283   Thumb Code     0  startup_stm32f40_41xxx.o(.text)
    TIM8_CC_IRQHandler                       0x08000283   Thumb Code     0  startup_stm32f40_41xxx.o(.text)
    TIM8_TRG_COM_TIM14_IRQHandler            0x08000283   Thumb Code     0  startup_stm32f40_41xxx.o(.text)
    TIM8_UP_TIM13_IRQHandler                 0x08000283   Thumb Code     0  startup_stm32f40_41xxx.o(.text)
    UART4_IRQHandler                         0x08000283   Thumb Code     0  startup_stm32f40_41xxx.o(.text)
    UART5_IRQHandler                         0x08000283   Thumb Code     0  startup_stm32f40_41xxx.o(.text)
    USART1_IRQHandler                        0x08000283   Thumb Code     0  startup_stm32f40_41xxx.o(.text)
    USART2_IRQHandler                        0x08000283   Thumb Code     0  startup_stm32f40_41xxx.o(.text)
    USART3_IRQHandler                        0x08000283   Thumb Code     0  startup_stm32f40_41xxx.o(.text)
    USART6_IRQHandler                        0x08000283   Thumb Code     0  startup_stm32f40_41xxx.o(.text)
    WWDG_IRQHandler                          0x08000283   Thumb Code     0  startup_stm32f40_41xxx.o(.text)
    __user_initial_stackheap                 0x08000285   Thumb Code     0  startup_stm32f40_41xxx.o(.text)
    main                                     0x080002a9   Thumb Code   100  main.o(.text)
    NMI_Handler                              0x0800031d   Thumb Code     2  stm32f4xx_it.o(.text)
    HardFault_Handler                        0x0800031f   Thumb Code     2  stm32f4xx_it.o(.text)
    MemManage_Handler                        0x08000321   Thumb Code     2  stm32f4xx_it.o(.text)
    BusFault_Handler                         0x08000323   Thumb Code     2  stm32f4xx_it.o(.text)
    UsageFault_Handler                       0x08000325   Thumb Code     2  stm32f4xx_it.o(.text)
    SVC_Handler                              0x08000327   Thumb Code     2  stm32f4xx_it.o(.text)
    DebugMon_Handler                         0x08000329   Thumb Code     2  stm32f4xx_it.o(.text)
    PendSV_Handler                           0x0800032b   Thumb Code     2  stm32f4xx_it.o(.text)
    SysTick_Handler                          0x0800032d   Thumb Code     2  stm32f4xx_it.o(.text)
    SystemInit                               0x080003d3   Thumb Code    74  system_stm32f4xx.o(.text)
    SystemCoreClockUpdate                    0x0800041d   Thumb Code   108  system_stm32f4xx.o(.text)
    GPIO_DeInit                              0x080004ad   Thumb Code   216  stm32f4xx_gpio.o(.text)
    GPIO_Init                                0x08000585   Thumb Code   162  stm32f4xx_gpio.o(.text)
    GPIO_StructInit                          0x08000627   Thumb Code    18  stm32f4xx_gpio.o(.text)
    GPIO_PinLockConfig                       0x08000639   Thumb Code    24  stm32f4xx_gpio.o(.text)
    GPIO_ReadInputDataBit                    0x08000651   Thumb Code    14  stm32f4xx_gpio.o(.text)
    GPIO_ReadInputData                       0x0800065f   Thumb Code     6  stm32f4xx_gpio.o(.text)
    GPIO_ReadOutputDataBit                   0x08000665   Thumb Code    14  stm32f4xx_gpio.o(.text)
    GPIO_ReadOutputData                      0x08000673   Thumb Code     6  stm32f4xx_gpio.o(.text)
    GPIO_SetBits                             0x08000679   Thumb Code     4  stm32f4xx_gpio.o(.text)
    GPIO_ResetBits                           0x0800067d   Thumb Code     4  stm32f4xx_gpio.o(.text)
    GPIO_WriteBit                            0x08000681   Thumb Code    10  stm32f4xx_gpio.o(.text)
    GPIO_Write                               0x0800068b   Thumb Code     4  stm32f4xx_gpio.o(.text)
    GPIO_ToggleBits                          0x0800068f   Thumb Code     8  stm32f4xx_gpio.o(.text)
    GPIO_PinAFConfig                         0x08000697   Thumb Code    32  stm32f4xx_gpio.o(.text)
    RCC_DeInit                               0x080006e5   Thumb Code    68  stm32f4xx_rcc.o(.text)
    RCC_HSEConfig                            0x08000729   Thumb Code    12  stm32f4xx_rcc.o(.text)
    RCC_GetFlagStatus                        0x08000735   Thumb Code    46  stm32f4xx_rcc.o(.text)
    RCC_WaitForHSEStartUp                    0x08000763   Thumb Code    44  stm32f4xx_rcc.o(.text)
    RCC_AdjustHSICalibrationValue            0x0800078f   Thumb Code    16  stm32f4xx_rcc.o(.text)
    RCC_HSICmd                               0x0800079f   Thumb Code     6  stm32f4xx_rcc.o(.text)
    RCC_LSEConfig                            0x080007a5   Thumb Code    24  stm32f4xx_rcc.o(.text)
    RCC_LSICmd                               0x080007bd   Thumb Code     6  stm32f4xx_rcc.o(.text)
    RCC_PLLConfig                            0x080007c3   Thumb Code    32  stm32f4xx_rcc.o(.text)
    RCC_PLLCmd                               0x080007e3   Thumb Code     6  stm32f4xx_rcc.o(.text)
    RCC_PLLI2SConfig                         0x080007e9   Thumb Code    14  stm32f4xx_rcc.o(.text)
    RCC_PLLI2SCmd                            0x080007f7   Thumb Code     6  stm32f4xx_rcc.o(.text)
    RCC_PLLSAIConfig                         0x080007fd   Thumb Code    18  stm32f4xx_rcc.o(.text)
    RCC_PLLSAICmd                            0x0800080f   Thumb Code     6  stm32f4xx_rcc.o(.text)
    RCC_ClockSecuritySystemCmd               0x08000815   Thumb Code     6  stm32f4xx_rcc.o(.text)
    RCC_MCO1Config                           0x0800081b   Thumb Code    18  stm32f4xx_rcc.o(.text)
    RCC_MCO2Config                           0x0800082d   Thumb Code    18  stm32f4xx_rcc.o(.text)
    RCC_SYSCLKConfig                         0x0800083f   Thumb Code    16  stm32f4xx_rcc.o(.text)
    RCC_GetSYSCLKSource                      0x0800084f   Thumb Code    12  stm32f4xx_rcc.o(.text)
    RCC_HCLKConfig                           0x0800085b   Thumb Code    16  stm32f4xx_rcc.o(.text)
    RCC_PCLK1Config                          0x0800086b   Thumb Code    16  stm32f4xx_rcc.o(.text)
    RCC_PCLK2Config                          0x0800087b   Thumb Code    18  stm32f4xx_rcc.o(.text)
    RCC_GetClocksFreq                        0x0800088d   Thumb Code   134  stm32f4xx_rcc.o(.text)
    RCC_RTCCLKConfig                         0x08000913   Thumb Code    42  stm32f4xx_rcc.o(.text)
    RCC_RTCCLKCmd                            0x0800093d   Thumb Code     8  stm32f4xx_rcc.o(.text)
    RCC_BackupResetCmd                       0x08000945   Thumb Code     8  stm32f4xx_rcc.o(.text)
    RCC_I2SCLKConfig                         0x0800094d   Thumb Code     6  stm32f4xx_rcc.o(.text)
    RCC_SAIPLLI2SClkDivConfig                0x08000953   Thumb Code    18  stm32f4xx_rcc.o(.text)
    RCC_SAIPLLSAIClkDivConfig                0x08000965   Thumb Code    24  stm32f4xx_rcc.o(.text)
    RCC_SAIBlockACLKConfig                   0x0800097d   Thumb Code    16  stm32f4xx_rcc.o(.text)
    RCC_SAIBlockBCLKConfig                   0x0800098d   Thumb Code    16  stm32f4xx_rcc.o(.text)
    RCC_LTDCCLKDivConfig                     0x0800099d   Thumb Code    16  stm32f4xx_rcc.o(.text)
    RCC_TIMCLKPresConfig                     0x080009ad   Thumb Code     6  stm32f4xx_rcc.o(.text)
    RCC_AHB1PeriphClockCmd                   0x080009b3   Thumb Code    20  stm32f4xx_rcc.o(.text)
    RCC_AHB2PeriphClockCmd                   0x080009c7   Thumb Code    20  stm32f4xx_rcc.o(.text)
    RCC_AHB3PeriphClockCmd                   0x080009db   Thumb Code    20  stm32f4xx_rcc.o(.text)
    RCC_APB1PeriphClockCmd                   0x080009ef   Thumb Code    20  stm32f4xx_rcc.o(.text)
    RCC_APB2PeriphClockCmd                   0x08000a03   Thumb Code    20  stm32f4xx_rcc.o(.text)
    RCC_AHB1PeriphResetCmd                   0x08000a17   Thumb Code    20  stm32f4xx_rcc.o(.text)
    RCC_AHB2PeriphResetCmd                   0x08000a2b   Thumb Code    20  stm32f4xx_rcc.o(.text)
    RCC_AHB3PeriphResetCmd                   0x08000a3f   Thumb Code    20  stm32f4xx_rcc.o(.text)
    RCC_APB1PeriphResetCmd                   0x08000a53   Thumb Code    20  stm32f4xx_rcc.o(.text)
    RCC_APB2PeriphResetCmd                   0x08000a67   Thumb Code    20  stm32f4xx_rcc.o(.text)
    RCC_AHB1PeriphClockLPModeCmd             0x08000a7b   Thumb Code    20  stm32f4xx_rcc.o(.text)
    RCC_AHB2PeriphClockLPModeCmd             0x08000a8f   Thumb Code    20  stm32f4xx_rcc.o(.text)
    RCC_AHB3PeriphClockLPModeCmd             0x08000aa3   Thumb Code    20  stm32f4xx_rcc.o(.text)
    RCC_APB1PeriphClockLPModeCmd             0x08000ab7   Thumb Code    68  stm32f4xx_rcc.o(.text)
    RCC_APB2PeriphClockLPModeCmd             0x08000afb   Thumb Code    18  stm32f4xx_rcc.o(.text)
    RCC_ITConfig                             0x08000b0d   Thumb Code    20  stm32f4xx_rcc.o(.text)
    RCC_ClearFlag                            0x08000b21   Thumb Code    14  stm32f4xx_rcc.o(.text)
    RCC_GetITStatus                          0x08000b2f   Thumb Code    18  stm32f4xx_rcc.o(.text)
    RCC_ClearITPendingBit                    0x08000b41   Thumb Code     8  stm32f4xx_rcc.o(.text)
    USART_DeInit                             0x08000b4d   Thumb Code   138  stm32f4xx_usart.o(.text)
    USART_Init                               0x08000bd7   Thumb Code   174  stm32f4xx_usart.o(.text)
    USART_StructInit                         0x08000c85   Thumb Code    22  stm32f4xx_usart.o(.text)
    USART_ClockInit                          0x08000c9b   Thumb Code    28  stm32f4xx_usart.o(.text)
    USART_ClockStructInit                    0x08000cb7   Thumb Code    12  stm32f4xx_usart.o(.text)
    USART_Cmd                                0x08000cc3   Thumb Code    20  stm32f4xx_usart.o(.text)
    USART_SetPrescaler                       0x08000cd7   Thumb Code    16  stm32f4xx_usart.o(.text)
    USART_OverSampling8Cmd                   0x08000ce7   Thumb Code    20  stm32f4xx_usart.o(.text)
    USART_OneBitMethodCmd                    0x08000cfb   Thumb Code    20  stm32f4xx_usart.o(.text)
    USART_SendData                           0x08000d0f   Thumb Code     8  stm32f4xx_usart.o(.text)
    USART_ReceiveData                        0x08000d17   Thumb Code     8  stm32f4xx_usart.o(.text)
    USART_SetAddress                         0x08000d1f   Thumb Code    16  stm32f4xx_usart.o(.text)
    USART_ReceiverWakeUpCmd                  0x08000d2f   Thumb Code    20  stm32f4xx_usart.o(.text)
    USART_WakeUpConfig                       0x08000d43   Thumb Code    16  stm32f4xx_usart.o(.text)
    USART_LINBreakDetectLengthConfig         0x08000d53   Thumb Code    16  stm32f4xx_usart.o(.text)
    USART_LINCmd                             0x08000d63   Thumb Code    20  stm32f4xx_usart.o(.text)
    USART_SendBreak                          0x08000d77   Thumb Code    10  stm32f4xx_usart.o(.text)
    USART_HalfDuplexCmd                      0x08000d81   Thumb Code    20  stm32f4xx_usart.o(.text)
    USART_SetGuardTime                       0x08000d95   Thumb Code    16  stm32f4xx_usart.o(.text)
    USART_SmartCardCmd                       0x08000da5   Thumb Code    20  stm32f4xx_usart.o(.text)
    USART_SmartCardNACKCmd                   0x08000db9   Thumb Code    20  stm32f4xx_usart.o(.text)
    USART_IrDAConfig                         0x08000dcd   Thumb Code    16  stm32f4xx_usart.o(.text)
    USART_IrDACmd                            0x08000ddd   Thumb Code    20  stm32f4xx_usart.o(.text)
    USART_DMACmd                             0x08000df1   Thumb Code    16  stm32f4xx_usart.o(.text)
    USART_ITConfig                           0x08000e01   Thumb Code    48  stm32f4xx_usart.o(.text)
    USART_GetFlagStatus                      0x08000e31   Thumb Code    14  stm32f4xx_usart.o(.text)
    USART_ClearFlag                          0x08000e3f   Thumb Code     6  stm32f4xx_usart.o(.text)
    USART_GetITStatus                        0x08000e45   Thumb Code    62  stm32f4xx_usart.o(.text)
    USART_ClearITPendingBit                  0x08000e83   Thumb Code    12  stm32f4xx_usart.o(.text)
    TIM_DeInit                               0x08000eb1   Thumb Code   284  stm32f4xx_tim.o(.text)
    TIM_TimeBaseInit                         0x08000fcd   Thumb Code    96  stm32f4xx_tim.o(.text)
    TIM_TimeBaseStructInit                   0x0800102d   Thumb Code    18  stm32f4xx_tim.o(.text)
    TIM_PrescalerConfig                      0x0800103f   Thumb Code     6  stm32f4xx_tim.o(.text)
    TIM_CounterModeConfig                    0x08001045   Thumb Code    12  stm32f4xx_tim.o(.text)
    TIM_SetCounter                           0x08001051   Thumb Code     4  stm32f4xx_tim.o(.text)
    TIM_SetAutoreload                        0x08001055   Thumb Code     4  stm32f4xx_tim.o(.text)
    TIM_GetCounter                           0x08001059   Thumb Code     4  stm32f4xx_tim.o(.text)
    TIM_GetPrescaler                         0x0800105d   Thumb Code     4  stm32f4xx_tim.o(.text)
    TIM_UpdateDisableConfig                  0x08001061   Thumb Code    20  stm32f4xx_tim.o(.text)
    TIM_UpdateRequestConfig                  0x08001075   Thumb Code    20  stm32f4xx_tim.o(.text)
    TIM_ARRPreloadConfig                     0x08001089   Thumb Code    20  stm32f4xx_tim.o(.text)
    TIM_SelectOnePulseMode                   0x0800109d   Thumb Code    16  stm32f4xx_tim.o(.text)
    TIM_SetClockDivision                     0x080010ad   Thumb Code    16  stm32f4xx_tim.o(.text)
    TIM_Cmd                                  0x080010bd   Thumb Code    20  stm32f4xx_tim.o(.text)
    TIM_OC1Init                              0x080010d1   Thumb Code    88  stm32f4xx_tim.o(.text)
    TIM_OC2Init                              0x08001129   Thumb Code   120  stm32f4xx_tim.o(.text)
    TIM_OC3Init                              0x080011a1   Thumb Code   116  stm32f4xx_tim.o(.text)
    TIM_OC4Init                              0x08001215   Thumb Code    88  stm32f4xx_tim.o(.text)
    TIM_OCStructInit                         0x0800126d   Thumb Code    20  stm32f4xx_tim.o(.text)
    TIM_SelectOCxM                           0x08001281   Thumb Code   130  stm32f4xx_tim.o(.text)
    TIM_SetCompare1                          0x08001303   Thumb Code     4  stm32f4xx_tim.o(.text)
    TIM_SetCompare2                          0x08001307   Thumb Code     4  stm32f4xx_tim.o(.text)
    TIM_SetCompare3                          0x0800130b   Thumb Code     4  stm32f4xx_tim.o(.text)
    TIM_SetCompare4                          0x0800130f   Thumb Code     4  stm32f4xx_tim.o(.text)
    TIM_ForcedOC1Config                      0x08001313   Thumb Code    12  stm32f4xx_tim.o(.text)
    TIM_ForcedOC2Config                      0x0800131f   Thumb Code    20  stm32f4xx_tim.o(.text)
    TIM_ForcedOC3Config                      0x08001333   Thumb Code    12  stm32f4xx_tim.o(.text)
    TIM_ForcedOC4Config                      0x0800133f   Thumb Code    20  stm32f4xx_tim.o(.text)
    TIM_OC1PreloadConfig                     0x08001353   Thumb Code    12  stm32f4xx_tim.o(.text)
    TIM_OC2PreloadConfig                     0x0800135f   Thumb Code    20  stm32f4xx_tim.o(.text)
    TIM_OC3PreloadConfig                     0x08001373   Thumb Code    12  stm32f4xx_tim.o(.text)
    TIM_OC4PreloadConfig                     0x0800137f   Thumb Code    20  stm32f4xx_tim.o(.text)
    TIM_OC1FastConfig                        0x08001393   Thumb Code    12  stm32f4xx_tim.o(.text)
    TIM_OC2FastConfig                        0x0800139f   Thumb Code    20  stm32f4xx_tim.o(.text)
    TIM_OC3FastConfig                        0x080013b3   Thumb Code    12  stm32f4xx_tim.o(.text)
    TIM_OC4FastConfig                        0x080013bf   Thumb Code    20  stm32f4xx_tim.o(.text)
    TIM_ClearOC1Ref                          0x080013d3   Thumb Code    12  stm32f4xx_tim.o(.text)
    TIM_ClearOC2Ref                          0x080013df   Thumb Code    20  stm32f4xx_tim.o(.text)
    TIM_ClearOC3Ref                          0x080013f3   Thumb Code    12  stm32f4xx_tim.o(.text)
    TIM_ClearOC4Ref                          0x080013ff   Thumb Code    20  stm32f4xx_tim.o(.text)
    TIM_OC1PolarityConfig                    0x08001413   Thumb Code    12  stm32f4xx_tim.o(.text)
    TIM_OC1NPolarityConfig                   0x0800141f   Thumb Code    12  stm32f4xx_tim.o(.text)
    TIM_OC2PolarityConfig                    0x0800142b   Thumb Code    20  stm32f4xx_tim.o(.text)
    TIM_OC2NPolarityConfig                   0x0800143f   Thumb Code    20  stm32f4xx_tim.o(.text)
    TIM_OC3PolarityConfig                    0x08001453   Thumb Code    20  stm32f4xx_tim.o(.text)
    TIM_OC3NPolarityConfig                   0x08001467   Thumb Code    20  stm32f4xx_tim.o(.text)
    TIM_OC4PolarityConfig                    0x0800147b   Thumb Code    20  stm32f4xx_tim.o(.text)
    TIM_CCxCmd                               0x0800148f   Thumb Code    22  stm32f4xx_tim.o(.text)
    TIM_CCxNCmd                              0x080014a5   Thumb Code    22  stm32f4xx_tim.o(.text)
    TIM_SetIC4Prescaler                      0x080014bb   Thumb Code    24  stm32f4xx_tim.o(.text)
    TIM_SetIC3Prescaler                      0x080014d3   Thumb Code    16  stm32f4xx_tim.o(.text)
    TIM_SetIC2Prescaler                      0x080014e3   Thumb Code    24  stm32f4xx_tim.o(.text)
    TIM_SetIC1Prescaler                      0x08001531   Thumb Code    16  stm32f4xx_tim.o(.text)
    TIM_ICInit                               0x08001541   Thumb Code   164  stm32f4xx_tim.o(.text)
    TIM_ICStructInit                         0x080015e5   Thumb Code    16  stm32f4xx_tim.o(.text)
    TIM_PWMIConfig                           0x080015f5   Thumb Code   104  stm32f4xx_tim.o(.text)
    TIM_GetCapture1                          0x0800165d   Thumb Code     4  stm32f4xx_tim.o(.text)
    TIM_GetCapture2                          0x08001661   Thumb Code     4  stm32f4xx_tim.o(.text)
    TIM_GetCapture3                          0x08001665   Thumb Code     4  stm32f4xx_tim.o(.text)
    TIM_GetCapture4                          0x08001669   Thumb Code     4  stm32f4xx_tim.o(.text)
    TIM_BDTRConfig                           0x0800166d   Thumb Code    34  stm32f4xx_tim.o(.text)
    TIM_BDTRStructInit                       0x0800168f   Thumb Code    18  stm32f4xx_tim.o(.text)
    TIM_CtrlPWMOutputs                       0x080016a1   Thumb Code    22  stm32f4xx_tim.o(.text)
    TIM_SelectCOM                            0x080016b7   Thumb Code    20  stm32f4xx_tim.o(.text)
    TIM_CCPreloadControl                     0x080016cb   Thumb Code    20  stm32f4xx_tim.o(.text)
    TIM_ITConfig                             0x080016df   Thumb Code    16  stm32f4xx_tim.o(.text)
    TIM_GenerateEvent                        0x080016ef   Thumb Code     4  stm32f4xx_tim.o(.text)
    TIM_GetFlagStatus                        0x080016f3   Thumb Code    14  stm32f4xx_tim.o(.text)
    TIM_ClearFlag                            0x08001701   Thumb Code     6  stm32f4xx_tim.o(.text)
    TIM_GetITStatus                          0x08001707   Thumb Code    24  stm32f4xx_tim.o(.text)
    TIM_ClearITPendingBit                    0x0800171f   Thumb Code     6  stm32f4xx_tim.o(.text)
    TIM_DMAConfig                            0x08001725   Thumb Code     8  stm32f4xx_tim.o(.text)
    TIM_DMACmd                               0x0800172d   Thumb Code    16  stm32f4xx_tim.o(.text)
    TIM_SelectCCDMA                          0x0800173d   Thumb Code    20  stm32f4xx_tim.o(.text)
    TIM_InternalClockConfig                  0x08001751   Thumb Code    10  stm32f4xx_tim.o(.text)
    TIM_SelectInputTrigger                   0x0800175b   Thumb Code    12  stm32f4xx_tim.o(.text)
    TIM_ITRxExternalClockConfig              0x08001767   Thumb Code    18  stm32f4xx_tim.o(.text)
    TIM_TIxExternalClockConfig               0x08001779   Thumb Code    46  stm32f4xx_tim.o(.text)
    TIM_ETRConfig                            0x080017a7   Thumb Code    24  stm32f4xx_tim.o(.text)
    TIM_ETRClockMode1Config                  0x080017bf   Thumb Code    18  stm32f4xx_tim.o(.text)
    TIM_ETRClockMode2Config                  0x080017d1   Thumb Code    18  stm32f4xx_tim.o(.text)
    TIM_SelectOutputTrigger                  0x080017e3   Thumb Code    16  stm32f4xx_tim.o(.text)
    TIM_SelectSlaveMode                      0x080017f3   Thumb Code    16  stm32f4xx_tim.o(.text)
    TIM_SelectMasterSlaveMode                0x08001803   Thumb Code    16  stm32f4xx_tim.o(.text)
    TIM_EncoderInterfaceConfig               0x08001813   Thumb Code    50  stm32f4xx_tim.o(.text)
    TIM_SelectHallSensor                     0x08001845   Thumb Code    20  stm32f4xx_tim.o(.text)
    TIM_RemapConfig                          0x08001859   Thumb Code     6  stm32f4xx_tim.o(.text)
    NVIC_PriorityGroupConfig                 0x0800188d   Thumb Code    10  misc.o(.text)
    NVIC_Init                                0x08001897   Thumb Code    92  misc.o(.text)
    NVIC_SetVectorTable                      0x080018f3   Thumb Code    14  misc.o(.text)
    NVIC_SystemLPConfig                      0x08001901   Thumb Code    20  misc.o(.text)
    SysTick_CLKSourceConfig                  0x08001915   Thumb Code    24  misc.o(.text)
    DH_A1                                    0x0800193d   Thumb Code   224  direct_kinematics.o(.text)
    DH_A2                                    0x08001a1d   Thumb Code   212  direct_kinematics.o(.text)
    DH_A                                     0x08001af1   Thumb Code   454  direct_kinematics.o(.text)
    Make_DK                                  0x08001cb7   Thumb Code   522  direct_kinematics.o(.text)
    ConfigUART4                              0x08001ecd   Thumb Code   142  myuart.o(.text)
    UARTPut                                  0x08001f5b   Thumb Code    26  myuart.o(.text)
    UARTPutnlong                             0x08001f75   Thumb Code   110  myuart.o(.text)
    UARTFloatx                               0x08001fe3   Thumb Code   108  myuart.o(.text)
    UART_Print_Matrix                        0x0800204f   Thumb Code    84  myuart.o(.text)
    TIM2_IRQHandler                          0x080020b1   Thumb Code   112  timer.o(.text)
    INTTIM_Config                            0x08002121   Thumb Code    98  timer.o(.text)
    Pull_Pulse                               0x08002183   Thumb Code    80  timer.o(.text)
    delay_us                                 0x080021d3   Thumb Code    54  timer.o(.text)
    delay_ms                                 0x08002209   Thumb Code    56  timer.o(.text)
    Delay                                    0x08002241   Thumb Code    14  timer.o(.text)
    ConfigGPIOD                              0x0800226d   Thumb Code    48  my_gpio.o(.text)
    ConfigGPIOA                              0x0800229d   Thumb Code     2  my_gpio.o(.text)
    Mul_Matrix                               0x080022a5   Thumb Code   164  matrix.o(.text)
    TIM1_IRQHandler                          0x08002351   Thumb Code    46  qei.o(.text)
    TIM8_IRQHandler                          0x0800237f   Thumb Code    46  qei.o(.text)
    TIM3_IRQHandler                          0x080023ad   Thumb Code    46  qei.o(.text)
    TIM4_IRQHandler                          0x080023db   Thumb Code    46  qei.o(.text)
    EncodersInit                             0x08002409   Thumb Code   756  qei.o(.text)
    __use_two_region_memory                  0x08002729   Thumb Code     2  heapauxi.o(.text)
    __rt_heap_escrow$2region                 0x0800272b   Thumb Code     2  heapauxi.o(.text)
    __rt_heap_expand$2region                 0x0800272d   Thumb Code     2  heapauxi.o(.text)
    __read_errno                             0x0800272f   Thumb Code    10  _rserrno.o(.text)
    __set_errno                              0x08002739   Thumb Code    12  _rserrno.o(.text)
    __aeabi_errno_addr                       0x08002745   Thumb Code     8  rt_errno_addr_intlibspace.o(.text)
    __errno$intlibspace                      0x08002745   Thumb Code     0  rt_errno_addr_intlibspace.o(.text)
    __rt_errno_addr$intlibspace              0x08002745   Thumb Code     0  rt_errno_addr_intlibspace.o(.text)
    __user_libspace                          0x0800274d   Thumb Code     8  libspace.o(.text)
    __user_perproc_libspace                  0x0800274d   Thumb Code     0  libspace.o(.text)
    __user_perthread_libspace                0x0800274d   Thumb Code     0  libspace.o(.text)
    __user_setup_stackheap                   0x08002755   Thumb Code    74  sys_stackheap_outer.o(.text)
    exit                                     0x0800279f   Thumb Code    12  exit.o(.text)
    _sys_exit                                0x080027ad   Thumb Code     8  sys_exit.o(.text)
    __I$use$semihosting                      0x080027b9   Thumb Code     0  use_no_semi.o(.text)
    __use_no_semihosting_swi                 0x080027b9   Thumb Code     2  use_no_semi.o(.text)
    __ARM_fpclassify                         0x080027bb   Thumb Code    48  fpclassify.o(i.__ARM_fpclassify)
    __semihosting_library_function           0x080027bb   Thumb Code     0  indicate_semi.o(.text)
    __hardfp_cos                             0x080027f1   Thumb Code   200  cos.o(i.__hardfp_cos)
    __hardfp_sin                             0x080028c9   Thumb Code   200  sin.o(i.__hardfp_sin)
    __ieee754_rem_pio2                       0x080029a1   Thumb Code   972  rred.o(i.__ieee754_rem_pio2)
    __kernel_cos                             0x08002df9   Thumb Code   322  cos_i.o(i.__kernel_cos)
    __kernel_poly                            0x08002f69   Thumb Code   248  poly.o(i.__kernel_poly)
    __kernel_sin                             0x08003061   Thumb Code   280  sin_i.o(i.__kernel_sin)
    __mathlib_dbl_underflow                  0x08003191   Thumb Code    24  dunder.o(i.__mathlib_dbl_underflow)
    fabs                                     0x080031b1   Thumb Code    32  fabs.o(i.fabs)
    __aeabi_dneg                             0x080031d1   Thumb Code     0  basic.o(x$fpl$basic)
    _dneg                                    0x080031d1   Thumb Code     6  basic.o(x$fpl$basic)
    __aeabi_fneg                             0x080031d7   Thumb Code     0  basic.o(x$fpl$basic)
    _fneg                                    0x080031d7   Thumb Code     6  basic.o(x$fpl$basic)
    _dabs                                    0x080031dd   Thumb Code     6  basic.o(x$fpl$basic)
    _fabs                                    0x080031e3   Thumb Code     6  basic.o(x$fpl$basic)
    __aeabi_dadd                             0x080031e9   Thumb Code     0  daddsub_clz.o(x$fpl$dadd)
    _dadd                                    0x080031e9   Thumb Code   332  daddsub_clz.o(x$fpl$dadd)
    __aeabi_ddiv                             0x08003339   Thumb Code     0  ddiv.o(x$fpl$ddiv)
    _ddiv                                    0x08003339   Thumb Code   552  ddiv.o(x$fpl$ddiv)
    __aeabi_d2iz                             0x080035e9   Thumb Code     0  dfix.o(x$fpl$dfix)
    _dfix                                    0x080035e9   Thumb Code    94  dfix.o(x$fpl$dfix)
    __aeabi_i2d                              0x08003647   Thumb Code     0  dflt_clz.o(x$fpl$dflt)
    _dflt                                    0x08003647   Thumb Code    46  dflt_clz.o(x$fpl$dflt)
    __aeabi_ui2d                             0x08003675   Thumb Code     0  dflt_clz.o(x$fpl$dfltu)
    _dfltu                                   0x08003675   Thumb Code    38  dflt_clz.o(x$fpl$dfltu)
    __aeabi_dmul                             0x0800369d   Thumb Code     0  dmul.o(x$fpl$dmul)
    _dmul                                    0x0800369d   Thumb Code   332  dmul.o(x$fpl$dmul)
    __fpl_dnaninf                            0x080037f1   Thumb Code   156  dnaninf.o(x$fpl$dnaninf)
    __fpl_dretinf                            0x0800388d   Thumb Code    12  dretinf.o(x$fpl$dretinf)
    __aeabi_drsub                            0x08003899   Thumb Code     0  daddsub_clz.o(x$fpl$drsb)
    _drsb                                    0x08003899   Thumb Code    22  daddsub_clz.o(x$fpl$drsb)
    __aeabi_dsub                             0x080038b1   Thumb Code     0  daddsub_clz.o(x$fpl$dsub)
    _dsub                                    0x080038b1   Thumb Code   464  daddsub_clz.o(x$fpl$dsub)
    _fp_init                                 0x08003a85   Thumb Code    10  fpinit.o(x$fpl$fpinit)
    __fplib_config_fpu_vfp                   0x08003a8d   Thumb Code     0  fpinit.o(x$fpl$fpinit)
    __fplib_config_pureend_doubles           0x08003a8d   Thumb Code     0  fpinit.o(x$fpl$fpinit)
    __I$use$fp                               0x08003a8e   Number         0  usenofp.o(x$fpl$usenofp)
    Region$$Table$$Base                      0x08003bb0   Number         0  anon$$obj.o(Region$$Table)
    Region$$Table$$Limit                     0x08003bd0   Number         0  anon$$obj.o(Region$$Table)
    SystemCoreClock                          0x20000004   Data           4  system_stm32f4xx.o(.data)
    AHBPrescTable                            0x20000008   Data          16  system_stm32f4xx.o(.data)
    __libspace_start                         0x20000478   Data          96  libspace.o(.bss)
    __temporary_stack_top$libspace           0x200004d8   Data           0  libspace.o(.bss)



==============================================================================

Memory Map of the image

  Image Entry point : 0x08000269

  Load Region LR_1 (Base: 0x08000000, Size: 0x00003d00, Max: 0xffffffff, ABSOLUTE, COMPRESSED[0x00003c44])

    Execution Region ER_RO (Base: 0x08000000, Size: 0x00003bd0, Max: 0xffffffff, ABSOLUTE)

    Base Addr    Size         Type   Attr      Idx    E Section Name        Object

    0x08000000   0x00000188   Data   RO            3    RESET               startup_stm32f40_41xxx.o
    0x08000188   0x00000008   Code   RO          516  * !!!main             c_w.l(__main.o)
    0x08000190   0x00000034   Code   RO          758    !!!scatter          c_w.l(__scatter.o)
    0x080001c4   0x0000005a   Code   RO          756    !!dczerorl2         c_w.l(__dczerorl2.o)
    0x0800021e   0x00000002   PAD
    0x08000220   0x0000001c   Code   RO          760    !!handler_zi        c_w.l(__scatter_zi.o)
    0x0800023c   0x00000002   Code   RO          632    .ARM.Collect$$libinit$$00000000  c_w.l(libinit.o)
    0x0800023e   0x00000004   Code   RO          635    .ARM.Collect$$libinit$$00000001  c_w.l(libinit2.o)
    0x08000242   0x00000000   Code   RO          639    .ARM.Collect$$libinit$$00000008  c_w.l(libinit2.o)
    0x08000242   0x00000000   Code   RO          641    .ARM.Collect$$libinit$$0000000A  c_w.l(libinit2.o)
    0x08000242   0x00000000   Code   RO          643    .ARM.Collect$$libinit$$0000000C  c_w.l(libinit2.o)
    0x08000242   0x00000000   Code   RO          646    .ARM.Collect$$libinit$$0000000F  c_w.l(libinit2.o)
    0x08000242   0x00000000   Code   RO          648    .ARM.Collect$$libinit$$00000011  c_w.l(libinit2.o)
    0x08000242   0x00000000   Code   RO          650    .ARM.Collect$$libinit$$00000013  c_w.l(libinit2.o)
    0x08000242   0x00000000   Code   RO          652    .ARM.Collect$$libinit$$00000015  c_w.l(libinit2.o)
    0x08000242   0x00000000   Code   RO          654    .ARM.Collect$$libinit$$00000017  c_w.l(libinit2.o)
    0x08000242   0x00000000   Code   RO          656    .ARM.Collect$$libinit$$00000019  c_w.l(libinit2.o)
    0x08000242   0x00000000   Code   RO          658    .ARM.Collect$$libinit$$0000001B  c_w.l(libinit2.o)
    0x08000242   0x00000000   Code   RO          660    .ARM.Collect$$libinit$$0000001D  c_w.l(libinit2.o)
    0x08000242   0x00000000   Code   RO          662    .ARM.Collect$$libinit$$0000001F  c_w.l(libinit2.o)
    0x08000242   0x00000000   Code   RO          664    .ARM.Collect$$libinit$$00000021  c_w.l(libinit2.o)
    0x08000242   0x00000000   Code   RO          666    .ARM.Collect$$libinit$$00000023  c_w.l(libinit2.o)
    0x08000242   0x00000000   Code   RO          670    .ARM.Collect$$libinit$$0000002A  c_w.l(libinit2.o)
    0x08000242   0x00000000   Code   RO          672    .ARM.Collect$$libinit$$0000002C  c_w.l(libinit2.o)
    0x08000242   0x00000000   Code   RO          674    .ARM.Collect$$libinit$$0000002E  c_w.l(libinit2.o)
    0x08000242   0x00000000   Code   RO          676    .ARM.Collect$$libinit$$00000030  c_w.l(libinit2.o)
    0x08000242   0x00000002   Code   RO          677    .ARM.Collect$$libinit$$00000031  c_w.l(libinit2.o)
    0x08000244   0x00000002   Code   RO          697    .ARM.Collect$$libshutdown$$00000000  c_w.l(libshutdown.o)
    0x08000246   0x00000000   Code   RO          711    .ARM.Collect$$libshutdown$$00000003  c_w.l(libshutdown2.o)
    0x08000246   0x00000000   Code   RO          714    .ARM.Collect$$libshutdown$$00000006  c_w.l(libshutdown2.o)
    0x08000246   0x00000000   Code   RO          717    .ARM.Collect$$libshutdown$$00000009  c_w.l(libshutdown2.o)
    0x08000246   0x00000000   Code   RO          719    .ARM.Collect$$libshutdown$$0000000B  c_w.l(libshutdown2.o)
    0x08000246   0x00000000   Code   RO          722    .ARM.Collect$$libshutdown$$0000000E  c_w.l(libshutdown2.o)
    0x08000246   0x00000002   Code   RO          723    .ARM.Collect$$libshutdown$$0000000F  c_w.l(libshutdown2.o)
    0x08000248   0x00000000   Code   RO          560    .ARM.Collect$$rtentry$$00000000  c_w.l(rtentry.o)
    0x08000248   0x00000000   Code   RO          583    .ARM.Collect$$rtentry$$00000002  c_w.l(rtentry2.o)
    0x08000248   0x00000006   Code   RO          595    .ARM.Collect$$rtentry$$00000004  c_w.l(rtentry4.o)
    0x0800024e   0x00000000   Code   RO          585    .ARM.Collect$$rtentry$$00000009  c_w.l(rtentry2.o)
    0x0800024e   0x00000004   Code   RO          586    .ARM.Collect$$rtentry$$0000000A  c_w.l(rtentry2.o)
    0x08000252   0x00000000   Code   RO          588    .ARM.Collect$$rtentry$$0000000C  c_w.l(rtentry2.o)
    0x08000252   0x00000008   Code   RO          589    .ARM.Collect$$rtentry$$0000000D  c_w.l(rtentry2.o)
    0x0800025a   0x00000002   Code   RO          633    .ARM.Collect$$rtexit$$00000000  c_w.l(rtexit.o)
    0x0800025c   0x00000000   Code   RO          679    .ARM.Collect$$rtexit$$00000002  c_w.l(rtexit2.o)
    0x0800025c   0x00000004   Code   RO          680    .ARM.Collect$$rtexit$$00000003  c_w.l(rtexit2.o)
    0x08000260   0x00000006   Code   RO          681    .ARM.Collect$$rtexit$$00000004  c_w.l(rtexit2.o)
    0x08000266   0x00000002   PAD
    0x08000268   0x00000040   Code   RO            4  * .text               startup_stm32f40_41xxx.o
    0x080002a8   0x00000074   Code   RO           12    .text               main.o
    0x0800031c   0x00000012   Code   RO          180    .text               stm32f4xx_it.o
    0x0800032e   0x00000002   PAD
    0x08000330   0x0000017c   Code   RO          203    .text               system_stm32f4xx.o
    0x080004ac   0x00000238   Code   RO          229    .text               stm32f4xx_gpio.o
    0x080006e4   0x00000468   Code   RO          275    .text               stm32f4xx_rcc.o
    0x08000b4c   0x00000364   Code   RO          297    .text               stm32f4xx_usart.o
    0x08000eb0   0x000009dc   Code   RO          317    .text               stm32f4xx_tim.o
    0x0800188c   0x000000b0   Code   RO          338    .text               misc.o
    0x0800193c   0x00000590   Code   RO          358    .text               direct_kinematics.o
    0x08001ecc   0x000001e4   Code   RO          405    .text               myuart.o
    0x080020b0   0x000001bc   Code   RO          428    .text               timer.o
    0x0800226c   0x00000038   Code   RO          454    .text               my_gpio.o
    0x080022a4   0x000000ac   Code   RO          474    .text               matrix.o
    0x08002350   0x000003d8   Code   RO          494    .text               qei.o
    0x08002728   0x00000006   Code   RO          514    .text               c_w.l(heapauxi.o)
    0x0800272e   0x00000016   Code   RO          561    .text               c_w.l(_rserrno.o)
    0x08002744   0x00000008   Code   RO          600    .text               c_w.l(rt_errno_addr_intlibspace.o)
    0x0800274c   0x00000008   Code   RO          620    .text               c_w.l(libspace.o)
    0x08002754   0x0000004a   Code   RO          623    .text               c_w.l(sys_stackheap_outer.o)
    0x0800279e   0x0000000c   Code   RO          625    .text               c_w.l(exit.o)
    0x080027aa   0x00000002   PAD
    0x080027ac   0x0000000c   Code   RO          689    .text               c_w.l(sys_exit.o)
    0x080027b8   0x00000002   Code   RO          700    .text               c_w.l(use_no_semi.o)
    0x080027ba   0x00000000   Code   RO          702    .text               c_w.l(indicate_semi.o)
    0x080027ba   0x00000030   Code   RO          616    i.__ARM_fpclassify  m_wm.l(fpclassify.o)
    0x080027ea   0x00000006   PAD
    0x080027f0   0x000000d8   Code   RO          536    i.__hardfp_cos      m_wm.l(cos.o)
    0x080028c8   0x000000d8   Code   RO          548    i.__hardfp_sin      m_wm.l(sin.o)
    0x080029a0   0x00000458   Code   RO          571    i.__ieee754_rem_pio2  m_wm.l(rred.o)
    0x08002df8   0x00000170   Code   RO          568    i.__kernel_cos      m_wm.l(cos_i.o)
    0x08002f68   0x000000f8   Code   RO          618    i.__kernel_poly     m_wm.l(poly.o)
    0x08003060   0x00000130   Code   RO          576    i.__kernel_sin      m_wm.l(sin_i.o)
    0x08003190   0x00000020   Code   RO          608    i.__mathlib_dbl_underflow  m_wm.l(dunder.o)
    0x080031b0   0x00000020   Code   RO          612    i.fabs              m_wm.l(fabs.o)
    0x080031d0   0x00000018   Code   RO          518    x$fpl$basic         fz_wm.l(basic.o)
    0x080031e8   0x00000150   Code   RO          520    x$fpl$dadd          fz_wm.l(daddsub_clz.o)
    0x08003338   0x000002b0   Code   RO          527    x$fpl$ddiv          fz_wm.l(ddiv.o)
    0x080035e8   0x0000005e   Code   RO          530    x$fpl$dfix          fz_wm.l(dfix.o)
    0x08003646   0x0000002e   Code   RO          603    x$fpl$dflt          fz_wm.l(dflt_clz.o)
    0x08003674   0x00000026   Code   RO          602    x$fpl$dfltu         fz_wm.l(dflt_clz.o)
    0x0800369a   0x00000002   PAD
    0x0800369c   0x00000154   Code   RO          534    x$fpl$dmul          fz_wm.l(dmul.o)
    0x080037f0   0x0000009c   Code   RO          563    x$fpl$dnaninf       fz_wm.l(dnaninf.o)
    0x0800388c   0x0000000c   Code   RO          565    x$fpl$dretinf       fz_wm.l(dretinf.o)
    0x08003898   0x00000016   Code   RO          521    x$fpl$drsb          fz_wm.l(daddsub_clz.o)
    0x080038ae   0x00000002   PAD
    0x080038b0   0x000001d4   Code   RO          522    x$fpl$dsub          fz_wm.l(daddsub_clz.o)
    0x08003a84   0x0000000a   Code   RO          687    x$fpl$fpinit        fz_wm.l(fpinit.o)
    0x08003a8e   0x00000000   Code   RO          567    x$fpl$usenofp       fz_wm.l(usenofp.o)
    0x08003a8e   0x00000002   PAD
    0x08003a90   0x00000030   Data   RO          569    .constdata          m_wm.l(cos_i.o)
    0x08003ac0   0x000000c8   Data   RO          573    .constdata          m_wm.l(rred.o)
    0x08003b88   0x00000028   Data   RO          577    .constdata          m_wm.l(sin_i.o)
    0x08003bb0   0x00000020   Data   RO          754    Region$$Table       anon$$obj.o


    Execution Region ER_RW (Base: 0x20000000, Size: 0x00000130, Max: 0xffffffff, ABSOLUTE, COMPRESSED[0x00000074])

    Base Addr    Size         Type   Attr      Idx    E Section Name        Object

    0x20000000   0x00000004   Data   RW           13    .data               main.o
    0x20000004   0x00000014   Data   RW          204    .data               system_stm32f4xx.o
    0x20000018   0x00000010   Data   RW          276    .data               stm32f4xx_rcc.o
    0x20000028   0x000000a8   Data   RW          360    .data               direct_kinematics.o
    0x200000d0   0x00000060   Data   RW          430    .data               timer.o


    Execution Region ER_ZI (Base: 0x20000130, Size: 0x000009a8, Max: 0xffffffff, ABSOLUTE)

    Base Addr    Size         Type   Attr      Idx    E Section Name        Object

    0x20000130   0x00000300   Zero   RW          359    .bss                direct_kinematics.o
    0x20000430   0x00000048   Zero   RW          429    .bss                timer.o
    0x20000478   0x00000060   Zero   RW          621    .bss                c_w.l(libspace.o)
    0x200004d8   0x00000200   Zero   RW            2    HEAP                startup_stm32f40_41xxx.o
    0x200006d8   0x00000400   Zero   RW            1    STACK               startup_stm32f40_41xxx.o


==============================================================================

Image component sizes


      Code (inc. data)   RO Data    RW Data    ZI Data      Debug   Object Name

      1424         70          0        168        768       2703   direct_kinematics.o
       116         16          0          4          0      54547   main.o
       172          8          0          0          0        705   matrix.o
       176         16          0          0          0       2021   misc.o
        56          6          0          0          0        654   my_gpio.o
       484         14          0          0          0       1920   myuart.o
       984         44          0          0          0       1683   qei.o
        64         26        392          0       1536        804   startup_stm32f40_41xxx.o
       568         46          0          0          0     232629   stm32f4xx_gpio.o
        18          0          0          0          0       1162   stm32f4xx_it.o
      1128         52          0         16          0      11630   stm32f4xx_rcc.o
      2524         52          0          0          0      18506   stm32f4xx_tim.o
       868         34          0          0          0       6988   stm32f4xx_usart.o
       380         36          0         20          0       1675   system_stm32f4xx.o
       444         30          0         96         72       2323   timer.o

    ----------------------------------------------------------------------
      9408        450        424        304       2376     339950   Object Totals
         0          0         32          0          0          0   (incl. Generated)
         2          0          0          0          0          0   (incl. Padding)

    ----------------------------------------------------------------------

      Code (inc. data)   RO Data    RW Data    ZI Data      Debug   Library Member Name

        90          0          0          0          0          0   __dczerorl2.o
         8          0          0          0          0         68   __main.o
        52          8          0          0          0          0   __scatter.o
        28          0          0          0          0          0   __scatter_zi.o
        22          0          0          0          0        100   _rserrno.o
        12          0          0          0          0         72   exit.o
         6          0          0          0          0        152   heapauxi.o
         0          0          0          0          0          0   indicate_semi.o
         2          0          0          0          0          0   libinit.o
         6          0          0          0          0          0   libinit2.o
         2          0          0          0          0          0   libshutdown.o
         2          0          0          0          0          0   libshutdown2.o
         8          4          0          0         96         68   libspace.o
         8          4          0          0          0         68   rt_errno_addr_intlibspace.o
         0          0          0          0          0          0   rtentry.o
        12          0          0          0          0          0   rtentry2.o
         6          0          0          0          0          0   rtentry4.o
         2          0          0          0          0          0   rtexit.o
        10          0          0          0          0          0   rtexit2.o
        12          4          0          0          0         68   sys_exit.o
        74          0          0          0          0         80   sys_stackheap_outer.o
         2          0          0          0          0         68   use_no_semi.o
        24          0          0          0          0        164   basic.o
       826         16          0          0          0        492   daddsub_clz.o
       688        140          0          0          0        256   ddiv.o
        94          4          0          0          0        140   dfix.o
        84          0          0          0          0        232   dflt_clz.o
       340         12          0          0          0        152   dmul.o
       156          4          0          0          0        140   dnaninf.o
        12          0          0          0          0        116   dretinf.o
        10          0          0          0          0        116   fpinit.o
         0          0          0          0          0          0   usenofp.o
       216         16          0          0          0        152   cos.o
       368         46         48          0          0        200   cos_i.o
        32          8          0          0          0        124   dunder.o
        32          0          0          0          0        124   fabs.o
        48          0          0          0          0        124   fpclassify.o
       248          0          0          0          0        152   poly.o
      1112        140        200          0          0        188   rred.o
       216         16          0          0          0        152   sin.o
       304         24         40          0          0        208   sin_i.o

    ----------------------------------------------------------------------
      5192        446        288          0         96       3976   Library Totals
        18          0          0          0          0          0   (incl. Padding)

    ----------------------------------------------------------------------

      Code (inc. data)   RO Data    RW Data    ZI Data      Debug   Library Name

       364         20          0          0         96        744   c_w.l
      2234        176          0          0          0       1808   fz_wm.l
      2576        250        288          0          0       1424   m_wm.l

    ----------------------------------------------------------------------
      5192        446        288          0         96       3976   Library Totals

    ----------------------------------------------------------------------

==============================================================================


      Code (inc. data)   RO Data    RW Data    ZI Data      Debug   

     14600        896        712        304       2472     338762   Grand Totals
     14600        896        712        116       2472     338762   ELF Image Totals (compressed)
     14600        896        712        116          0          0   ROM Totals

==============================================================================

    Total RO  Size (Code + RO Data)                15312 (  14.95kB)
    Total RW  Size (RW Data + ZI Data)              2776 (   2.71kB)
    Total ROM Size (Code + RO Data + RW Data)      15428 (  15.07kB)

==============================================================================

